<html>
<body>
<pre>
<h1>µVision Build Log</h1>
<h2>Tool Versions:</h2>
IDE-Version: ¦ÌVision V5.38.0.0
Copyright (C) 2022 ARM Ltd and ARM Germany GmbH. All rights reserved.
License Information: lj Administrator, JK, LIC=WHYH9-4ZW6G-TG17T-R739D-ZWPZ5-PK2TP
 
Tool Versions:
Toolchain:       MDK-ARM Plus  Version: 5.38.0.0
Toolchain Path:  C:\Keil_v5\ARM\ARMCC\Bin
C Compiler:      Armcc.exe V5.06 update 4 (build 422)
Assembler:       Armasm.exe V5.06 update 4 (build 422)
Linker/Locator:  ArmLink.exe V5.06 update 4 (build 422)
Library Manager: ArmAr.exe V5.06 update 4 (build 422)
Hex Converter:   FromElf.exe V5.06 update 4 (build 422)
CPU DLL:         SARMCM3.DLL V5.38.0.0
Dialog DLL:      DCM.DLL V1.17.5.0
Target DLL:      Segger\JL2CM3.dll V2.99.42.0
Dialog DLL:      TCM.DLL V1.56.4.0
 
<h2>Project:</h2>
H:\JK5530L_407\Project\JK_BTSET.uvproj
Project File Date:  07/07/2023

<h2>Output:</h2>
*** Using Compiler 'V5.06 update 4 (build 422)', folder: 'C:\Keil_v5\ARM\ARMCC\Bin'
Build target 'JK_BTSET'
assembling startup_stm32f40_41xxx.s...
compiling stm32f4xx_crc.c...
compiling stm32f4xx_cryp_des.c...
compiling misc.c...
compiling system_stm32f4xx.c...
compiling stm32f4xx_can.c...
compiling stm32f4xx_adc.c...
compiling stm32f4xx_cryp.c...
compiling stm32f4xx_cryp_aes.c...
compiling stm32f4xx_dac.c...
compiling stm32f4xx_cryp_tdes.c...
compiling stm32f4xx_dbgmcu.c...
compiling stm32f4xx_dma.c...
compiling stm32f4xx_exti.c...
compiling stm32f4xx_dcmi.c...
compiling stm32f4xx_dma2d.c...
compiling stm32f4xx_flash.c...
compiling stm32f4xx_flash_ramfunc.c...
compiling stm32f4xx_gpio.c...
compiling stm32f4xx_hash_sha1.c...
compiling stm32f4xx_hash_md5.c...
compiling stm32f4xx_fsmc.c...
compiling stm32f4xx_hash.c...
compiling stm32f4xx_i2c.c...
compiling stm32f4xx_iwdg.c...
compiling stm32f4xx_pwr.c...
compiling stm32f4xx_sai.c...
compiling stm32f4xx_rng.c...
compiling stm32f4xx_sdio.c...
compiling stm32f4xx_ltdc.c...
compiling stm32f4xx_rcc.c...
compiling stm32f4xx_rtc.c...
compiling stm32f4xx_spi.c...
compiling stm32f4xx_syscfg.c...
compiling stm32f4xx_usart.c...
compiling stm32f4xx_wwdg.c...
compiling stm32f4xx_it.c...
compiling adc.c...
compiling stm32f4xx_tim.c...
compiling main.c...
compiling BEEP.c...
compiling AT24C01.c...
compiling bsp_SysTick.c...
compiling GPIO.c...
compiling iwdg.c...
compiling flash.c...
compiling IIC_24C01.c...
compiling ssd1963.c...
compiling TIM1.c...
compiling TM1650.c...
compiling TIM6.c...
compiling modbus.c...
compiling clock.c...
compiling AD7689.c...
compiling GUIConf.c...
compiling GUI_X.c...
compiling TIM4.c...
compiling usart.c...
compiling CONT.c...
compiling AD5541.c...
compiling HZ12.c...
compiling HZ16.c...
compiling TIM3.c...
compiling ENG16.c...
compiling SONG12.c...
compiling SONG16.c...
compiling SONGB16.c...
compiling SONGB12.c...
compiling SONG32.c...
compiling SONG26.c...
compiling LCDConf_FlexColor_Template.c...
compiling GUIDRV_Template.c...
compiling sysflag.c...
compiling usbh_ioreq.c...
compiling usbh_hcs.c...
compiling usb_hcd.c...
compiling usb_hcd_int.c...
compiling usbh_core.c...
compiling usb_core.c...
compiling usbh_stdreq.c...
compiling usbh_msc_bot.c...
compiling usb_bsp.c...
compiling usbh_msc_core.c...
compiling usbh_usr.c...
compiling usbh_msc_scsi.c...
linking...
Program Size: Code=35428 RO-data=1132 RW-data=560 ZI-data=5496  
FromELF: creating hex file...
After Build - User command #1: C:\Keil_v5\ARM\ARMCC\bin\fromelf.exe --bin -o ..\update\UP407.BIN ..\Output\JK_BTSET.axf
"..\Output\JK_BTSET.axf" - 0 Error(s), 0 Warning(s).
Build Time Elapsed:  00:00:11
</pre>
</body>
</html>
