<html>
<body>
<pre>
<h1>µVision Build Log</h1>
<h2>Tool Versions:</h2>
IDE-Version: ¦ÌVision V5.37.0.0
Copyright (C) 2022 ARM Ltd and ARM Germany GmbH. All rights reserved.
License Information: 1 Microsoft, Microsoft, LIC=03C6R-KIDXE-2Z1W4-FI5SL-E8BHU-R7F4D
 
Tool Versions:
Toolchain:       MDK-ARM Plus  Version: 5.37.0.0
Toolchain Path:  E:\Keil_v5\ARM\ARMCC\Bin
C Compiler:      Armcc.exe V5.06 update 6 (build 750)
Assembler:       Armasm.exe V5.06 update 6 (build 750)
Linker/Locator:  ArmLink.exe V5.06 update 6 (build 750)
Library Manager: ArmAr.exe V5.06 update 6 (build 750)
Hex Converter:   FromElf.exe V5.06 update 6 (build 750)
CPU DLL:         SARMCM3.DLL V5.37.0.0
Dialog DLL:      DCM.DLL V1.17.5.0
Target DLL:      Segger\JL2CM3.dll V2.99.42.0
Dialog DLL:      TCM.DLL V1.56.1.0
 
<h2>Project:</h2>
F:\JK5530L_407\Project\JK_BTSET.uvproj
Project File Date:  09/21/2022

<h2>Output:</h2>
*** Using Compiler 'V5.06 update 6 (build 750)', folder: 'E:\Keil_v5\ARM\ARMCC\Bin'
Build target 'JK_BTSET'
compiling main.c...
compiling stm32f4xx_it.c...
compiling adc.c...
compiling AT24C01.c...
compiling BEEP.c...
compiling bsp_SysTick.c...
compiling flash.c...
compiling GPIO.c...
compiling IIC_24C01.c...
compiling modbus.c...
compiling ssd1963.c...
compiling TIM1.c...
compiling TIM6.c...
compiling usart.c...
compiling TM1650.c...
compiling clock.c...
compiling AD7689.c...
compiling TIM4.c...
compiling AD5541.c...
compiling CONT.c...
compiling TIM3.c...
compiling GUIDRV_Template.c...
compiling LCDConf_FlexColor_Template.c...
compiling sysflag.c...
linking...
Program Size: Code=34720 RO-data=1132 RW-data=540 ZI-data=5484  
FromELF: creating hex file...
After Build - User command #1: E:\Keil_v5\ARM\ARMCC\bin\fromelf.exe --bin -o ..\update\UP407.BIN ..\Output\JK_BTSET.axf
"..\Output\JK_BTSET.axf" - 0 Error(s), 0 Warning(s).
Build Time Elapsed:  00:01:18
</pre>
</body>
</html>
