Component: ARM Compiler 5.06 update 6 (build 750) Tool: armlink [4d35ed]

==============================================================================

Section Cross References

    startup_stm32f40_41xxx.o(STACK) refers (Special) to heapauxi.o(.text) for __use_two_region_memory
    startup_stm32f40_41xxx.o(HEAP) refers (Special) to heapauxi.o(.text) for __use_two_region_memory
    startup_stm32f40_41xxx.o(RESET) refers (Special) to heapauxi.o(.text) for __use_two_region_memory
    startup_stm32f40_41xxx.o(RESET) refers to startup_stm32f40_41xxx.o(STACK) for __initial_sp
    startup_stm32f40_41xxx.o(RESET) refers to startup_stm32f40_41xxx.o(.text) for Reset_Handler
    startup_stm32f40_41xxx.o(RESET) refers to stm32f4xx_it.o(i.NMI_Handler) for NMI_Handler
    startup_stm32f40_41xxx.o(RESET) refers to stm32f4xx_it.o(i.HardFault_Handler) for HardFault_Handler
    startup_stm32f40_41xxx.o(RESET) refers to stm32f4xx_it.o(i.MemManage_Handler) for MemManage_Handler
    startup_stm32f40_41xxx.o(RESET) refers to stm32f4xx_it.o(i.BusFault_Handler) for BusFault_Handler
    startup_stm32f40_41xxx.o(RESET) refers to stm32f4xx_it.o(i.UsageFault_Handler) for UsageFault_Handler
    startup_stm32f40_41xxx.o(RESET) refers to stm32f4xx_it.o(i.SVC_Handler) for SVC_Handler
    startup_stm32f40_41xxx.o(RESET) refers to stm32f4xx_it.o(i.DebugMon_Handler) for DebugMon_Handler
    startup_stm32f40_41xxx.o(RESET) refers to stm32f4xx_it.o(i.PendSV_Handler) for PendSV_Handler
    startup_stm32f40_41xxx.o(RESET) refers to stm32f4xx_it.o(i.SysTick_Handler) for SysTick_Handler
    startup_stm32f40_41xxx.o(RESET) refers to usart.o(i.DMA1_Stream3_IRQHandler) for DMA1_Stream3_IRQHandler
    startup_stm32f40_41xxx.o(RESET) refers to tim4.o(i.TIM3_IRQHandler) for TIM3_IRQHandler
    startup_stm32f40_41xxx.o(RESET) refers to stm32f4xx_it.o(i.USART1_IRQHandler) for USART1_IRQHandler
    startup_stm32f40_41xxx.o(RESET) refers to usart.o(i.USART2_IRQHandler) for USART2_IRQHandler
    startup_stm32f40_41xxx.o(RESET) refers to usart.o(i.USART3_IRQHandler) for USART3_IRQHandler
    startup_stm32f40_41xxx.o(RESET) refers to tim6.o(i.TIM5_IRQHandler) for TIM5_IRQHandler
    startup_stm32f40_41xxx.o(RESET) refers to stm32f4xx_it.o(i.TIM6_DAC_IRQHandler) for TIM6_DAC_IRQHandler
    startup_stm32f40_41xxx.o(RESET) refers to stm32f4xx_it.o(i.DMA2_Stream0_IRQHandler) for DMA2_Stream0_IRQHandler
    startup_stm32f40_41xxx.o(RESET) refers to usbh_usr.o(i.OTG_FS_IRQHandler) for OTG_FS_IRQHandler
    startup_stm32f40_41xxx.o(.text) refers (Special) to heapauxi.o(.text) for __use_two_region_memory
    startup_stm32f40_41xxx.o(.text) refers to system_stm32f4xx.o(i.SystemInit) for SystemInit
    startup_stm32f40_41xxx.o(.text) refers to __main.o(!!!main) for __main
    startup_stm32f40_41xxx.o(.text) refers to startup_stm32f40_41xxx.o(HEAP) for Heap_Mem
    startup_stm32f40_41xxx.o(.text) refers to startup_stm32f40_41xxx.o(STACK) for Stack_Mem
    system_stm32f4xx.o(i.SystemCoreClockUpdate) refers to system_stm32f4xx.o(.data) for .data
    system_stm32f4xx.o(i.SystemInit) refers to system_stm32f4xx.o(i.SetSysClock) for SetSysClock
    stm32f4xx_adc.o(i.ADC_DeInit) refers to stm32f4xx_rcc.o(i.RCC_APB2PeriphResetCmd) for RCC_APB2PeriphResetCmd
    stm32f4xx_can.o(i.CAN_DeInit) refers to stm32f4xx_rcc.o(i.RCC_APB1PeriphResetCmd) for RCC_APB1PeriphResetCmd
    stm32f4xx_can.o(i.CAN_GetITStatus) refers to stm32f4xx_can.o(i.CheckITStatus) for CheckITStatus
    stm32f4xx_cryp.o(i.CRYP_DeInit) refers to stm32f4xx_rcc.o(i.RCC_AHB2PeriphResetCmd) for RCC_AHB2PeriphResetCmd
    stm32f4xx_cryp_aes.o(i.CRYP_AES_CBC) refers to stm32f4xx_cryp.o(i.CRYP_KeyStructInit) for CRYP_KeyStructInit
    stm32f4xx_cryp_aes.o(i.CRYP_AES_CBC) refers to stm32f4xx_cryp.o(i.CRYP_KeyInit) for CRYP_KeyInit
    stm32f4xx_cryp_aes.o(i.CRYP_AES_CBC) refers to stm32f4xx_cryp.o(i.CRYP_Init) for CRYP_Init
    stm32f4xx_cryp_aes.o(i.CRYP_AES_CBC) refers to stm32f4xx_cryp.o(i.CRYP_IVInit) for CRYP_IVInit
    stm32f4xx_cryp_aes.o(i.CRYP_AES_CBC) refers to stm32f4xx_cryp.o(i.CRYP_FIFOFlush) for CRYP_FIFOFlush
    stm32f4xx_cryp_aes.o(i.CRYP_AES_CBC) refers to stm32f4xx_cryp.o(i.CRYP_Cmd) for CRYP_Cmd
    stm32f4xx_cryp_aes.o(i.CRYP_AES_CBC) refers to stm32f4xx_cryp.o(i.CRYP_GetCmdStatus) for CRYP_GetCmdStatus
    stm32f4xx_cryp_aes.o(i.CRYP_AES_CBC) refers to stm32f4xx_cryp.o(i.CRYP_GetFlagStatus) for CRYP_GetFlagStatus
    stm32f4xx_cryp_aes.o(i.CRYP_AES_CBC) refers to stm32f4xx_cryp.o(i.CRYP_DataIn) for CRYP_DataIn
    stm32f4xx_cryp_aes.o(i.CRYP_AES_CBC) refers to stm32f4xx_cryp.o(i.CRYP_DataOut) for CRYP_DataOut
    stm32f4xx_cryp_aes.o(i.CRYP_AES_CCM) refers to stm32f4xx_cryp.o(i.CRYP_KeyStructInit) for CRYP_KeyStructInit
    stm32f4xx_cryp_aes.o(i.CRYP_AES_CCM) refers to stm32f4xx_cryp.o(i.CRYP_FIFOFlush) for CRYP_FIFOFlush
    stm32f4xx_cryp_aes.o(i.CRYP_AES_CCM) refers to stm32f4xx_cryp.o(i.CRYP_KeyInit) for CRYP_KeyInit
[...]
    EXTI9_5_IRQHandler                       0x080202a3   Thumb Code     0  startup_stm32f40_41xxx.o(.text)
    FLASH_IRQHandler                         0x080202a3   Thumb Code     0  startup_stm32f40_41xxx.o(.text)
    FPU_IRQHandler                           0x080202a3   Thumb Code     0  startup_stm32f40_41xxx.o(.text)
    FSMC_IRQHandler                          0x080202a3   Thumb Code     0  startup_stm32f40_41xxx.o(.text)
    HASH_RNG_IRQHandler                      0x080202a3   Thumb Code     0  startup_stm32f40_41xxx.o(.text)
    I2C1_ER_IRQHandler                       0x080202a3   Thumb Code     0  startup_stm32f40_41xxx.o(.text)
    I2C1_EV_IRQHandler                       0x080202a3   Thumb Code     0  startup_stm32f40_41xxx.o(.text)
    I2C2_ER_IRQHandler                       0x080202a3   Thumb Code     0  startup_stm32f40_41xxx.o(.text)
    I2C2_EV_IRQHandler                       0x080202a3   Thumb Code     0  startup_stm32f40_41xxx.o(.text)
    I2C3_ER_IRQHandler                       0x080202a3   Thumb Code     0  startup_stm32f40_41xxx.o(.text)
    I2C3_EV_IRQHandler                       0x080202a3   Thumb Code     0  startup_stm32f40_41xxx.o(.text)
    OTG_FS_WKUP_IRQHandler                   0x080202a3   Thumb Code     0  startup_stm32f40_41xxx.o(.text)
    OTG_HS_EP1_IN_IRQHandler                 0x080202a3   Thumb Code     0  startup_stm32f40_41xxx.o(.text)
    OTG_HS_EP1_OUT_IRQHandler                0x080202a3   Thumb Code     0  startup_stm32f40_41xxx.o(.text)
    OTG_HS_IRQHandler                        0x080202a3   Thumb Code     0  startup_stm32f40_41xxx.o(.text)
    OTG_HS_WKUP_IRQHandler                   0x080202a3   Thumb Code     0  startup_stm32f40_41xxx.o(.text)
    PVD_IRQHandler                           0x080202a3   Thumb Code     0  startup_stm32f40_41xxx.o(.text)
    RCC_IRQHandler                           0x080202a3   Thumb Code     0  startup_stm32f40_41xxx.o(.text)
    RTC_Alarm_IRQHandler                     0x080202a3   Thumb Code     0  startup_stm32f40_41xxx.o(.text)
    RTC_WKUP_IRQHandler                      0x080202a3   Thumb Code     0  startup_stm32f40_41xxx.o(.text)
    SDIO_IRQHandler                          0x080202a3   Thumb Code     0  startup_stm32f40_41xxx.o(.text)
    SPI1_IRQHandler                          0x080202a3   Thumb Code     0  startup_stm32f40_41xxx.o(.text)
    SPI2_IRQHandler                          0x080202a3   Thumb Code     0  startup_stm32f40_41xxx.o(.text)
    SPI3_IRQHandler                          0x080202a3   Thumb Code     0  startup_stm32f40_41xxx.o(.text)
    TAMP_STAMP_IRQHandler                    0x080202a3   Thumb Code     0  startup_stm32f40_41xxx.o(.text)
    TIM1_BRK_TIM9_IRQHandler                 0x080202a3   Thumb Code     0  startup_stm32f40_41xxx.o(.text)
    TIM1_CC_IRQHandler                       0x080202a3   Thumb Code     0  startup_stm32f40_41xxx.o(.text)
    TIM1_TRG_COM_TIM11_IRQHandler            0x080202a3   Thumb Code     0  startup_stm32f40_41xxx.o(.text)
    TIM1_UP_TIM10_IRQHandler                 0x080202a3   Thumb Code     0  startup_stm32f40_41xxx.o(.text)
    TIM2_IRQHandler                          0x080202a3   Thumb Code     0  startup_stm32f40_41xxx.o(.text)
    TIM4_IRQHandler                          0x080202a3   Thumb Code     0  startup_stm32f40_41xxx.o(.text)
    TIM7_IRQHandler                          0x080202a3   Thumb Code     0  startup_stm32f40_41xxx.o(.text)
    TIM8_BRK_TIM12_IRQHandler                0x080202a3   Thumb Code     0  startup_stm32f40_41xxx.o(.text)
    TIM8_CC_IRQHandler                       0x080202a3   Thumb Code     0  startup_stm32f40_41xxx.o(.text)
    TIM8_TRG_COM_TIM14_IRQHandler            0x080202a3   Thumb Code     0  startup_stm32f40_41xxx.o(.text)
    TIM8_UP_TIM13_IRQHandler                 0x080202a3   Thumb Code     0  startup_stm32f40_41xxx.o(.text)
    UART4_IRQHandler                         0x080202a3   Thumb Code     0  startup_stm32f40_41xxx.o(.text)
    UART5_IRQHandler                         0x080202a3   Thumb Code     0  startup_stm32f40_41xxx.o(.text)
    USART6_IRQHandler                        0x080202a3   Thumb Code     0  startup_stm32f40_41xxx.o(.text)
    WWDG_IRQHandler                          0x080202a3   Thumb Code     0  startup_stm32f40_41xxx.o(.text)
    __user_initial_stackheap                 0x080202a5   Thumb Code     0  startup_stm32f40_41xxx.o(.text)
    __2sprintf                               0x080202c9   Thumb Code    34  noretval__2sprintf.o(.text)
    _printf_pre_padding                      0x080202f1   Thumb Code    44  _printf_pad.o(.text)
    _printf_post_padding                     0x0802031d   Thumb Code    34  _printf_pad.o(.text)
    _printf_int_dec                          0x08020341   Thumb Code   104  _printf_dec.o(.text)
    __printf                                 0x080203b9   Thumb Code   308  __printf_flags_wp.o(.text)
    strncat                                  0x080204f1   Thumb Code    36  strncat.o(.text)
    strlen                                   0x08020515   Thumb Code    62  strlen.o(.text)
    strncmp                                  0x08020553   Thumb Code   150  strncmp.o(.text)
    __aeabi_memcpy                           0x080205e9   Thumb Code     0  rt_memcpy_v6.o(.text)
    __rt_memcpy                              0x080205e9   Thumb Code   138  rt_memcpy_v6.o(.text)
    _memcpy_lastbytes                        0x0802064f   Thumb Code     0  rt_memcpy_v6.o(.text)
    __aeabi_memmove                          0x08020673   Thumb Code     0  rt_memmove_v6.o(.text)
    __rt_memmove                             0x08020673   Thumb Code   132  rt_memmove_v6.o(.text)
    __memmove_lastfew                        0x080206d3   Thumb Code     0  rt_memmove_v6.o(.text)
    __aeabi_memcpy4                          0x080206f7   Thumb Code     0  rt_memcpy_w.o(.text)
    __aeabi_memcpy8                          0x080206f7   Thumb Code     0  rt_memcpy_w.o(.text)
    __rt_memcpy_w                            0x080206f7   Thumb Code   100  rt_memcpy_w.o(.text)
    _memcpy_lastbytes_aligned                0x0802073f   Thumb Code     0  rt_memcpy_w.o(.text)
    __aeabi_memclr                           0x0802075b   Thumb Code     0  rt_memclr.o(.text)
    __rt_memclr                              0x0802075b   Thumb Code    68  rt_memclr.o(.text)
    _memset                                  0x0802075f   Thumb Code     0  rt_memclr.o(.text)
    __aeabi_memclr4                          0x0802079f   Thumb Code     0  rt_memclr_w.o(.text)
    __aeabi_memclr8                          0x0802079f   Thumb Code     0  rt_memclr_w.o(.text)
    __rt_memclr_w                            0x0802079f   Thumb Code    78  rt_memclr_w.o(.text)
    _memset_w                                0x080207a3   Thumb Code     0  rt_memclr_w.o(.text)
    __use_two_region_memory                  0x080207ed   Thumb Code     2  heapauxi.o(.text)
    __rt_heap_escrow$2region                 0x080207ef   Thumb Code     2  heapauxi.o(.text)
    __rt_heap_expand$2region                 0x080207f1   Thumb Code     2  heapauxi.o(.text)
    _printf_int_common                       0x080207f3   Thumb Code   178  _printf_intcommon.o(.text)
    __lib_sel_fp_printf                      0x080208a5   Thumb Code     2  _printf_fp_dec.o(.text)
    _printf_fp_dec_real                      0x08020a57   Thumb Code   620  _printf_fp_dec.o(.text)
    _printf_char_common                      0x08020ccf   Thumb Code    32  _printf_char_common.o(.text)
    _sputc                                   0x08020cf5   Thumb Code    10  _sputc.o(.text)
    __aeabi_memmove4                         0x08020cff   Thumb Code     0  rt_memmove_w.o(.text)
    __aeabi_memmove8                         0x08020cff   Thumb Code     0  rt_memmove_w.o(.text)
    __rt_memmove_w                           0x08020cff   Thumb Code   122  rt_memmove_w.o(.text)
    __memmove_aligned                        0x08020d25   Thumb Code     0  rt_memmove_w.o(.text)
    __memmove_lastfew_aligned                0x08020d5d   Thumb Code     0  rt_memmove_w.o(.text)
    __rt_locale                              0x08020d79   Thumb Code     8  rt_locale_intlibspace.o(.text)
    _ll_udiv10                               0x08020d81   Thumb Code   138  lludiv10.o(.text)
    _printf_fp_infnan                        0x08020e0d   Thumb Code   112  _printf_fp_infnan.o(.text)
    _btod_etento                             0x08020e8d   Thumb Code   224  bigflt0.o(.text)
    __user_libspace                          0x08020f71   Thumb Code     8  libspace.o(.text)
    __user_perproc_libspace                  0x08020f71   Thumb Code     0  libspace.o(.text)
    __user_perthread_libspace                0x08020f71   Thumb Code     0  libspace.o(.text)
    __user_setup_stackheap                   0x08020f79   Thumb Code    74  sys_stackheap_outer.o(.text)
    exit                                     0x08020fc3   Thumb Code    18  exit.o(.text)
    strcmp                                   0x08020fd5   Thumb Code   128  strcmpv7m.o(.text)
    _sys_exit                                0x08021055   Thumb Code     8  sys_exit.o(.text)
    __I$use$semihosting                      0x08021061   Thumb Code     0  use_no_semi.o(.text)
    __use_no_semihosting_swi                 0x08021061   Thumb Code     2  use_no_semi.o(.text)
    __semihosting_library_function           0x08021063   Thumb Code     0  indicate_semi.o(.text)
    _btod_d2e                                0x08021063   Thumb Code    62  btod.o(CL$$btod_d2e)
    _d2e_denorm_low                          0x080210a1   Thumb Code    70  btod.o(CL$$btod_d2e_denorm_low)
    _d2e_norm_op1                            0x080210e7   Thumb Code    96  btod.o(CL$$btod_d2e_norm_op1)
    __btod_div_common                        0x08021147   Thumb Code   696  btod.o(CL$$btod_div_common)
    _e2e                                     0x0802147f   Thumb Code   220  btod.o(CL$$btod_e2e)
    _btod_ediv                               0x0802155b   Thumb Code    42  btod.o(CL$$btod_ediv)
    _btod_emul                               0x08021585   Thumb Code    42  btod.o(CL$$btod_emul)
    __btod_mult_common                       0x080215af   Thumb Code   580  btod.o(CL$$btod_mult_common)
    AD5541_GPIOCoing                         0x080217f5   Thumb Code    42  ad5541.o(i.AD5541_GPIOCoing)
    AD5541_Send                              0x08021825   Thumb Code   172  ad5541.o(i.AD5541_Send)
    AD7689_Delay                             0x080218d5   Thumb Code    30  ad7689.o(i.AD7689_Delay)
    AD7689_InitializeSPI1                    0x080218f5   Thumb Code   200  ad7689.o(i.AD7689_InitializeSPI1)
    AD7689_Scan_CH                           0x080219c9   Thumb Code   280  ad7689.o(i.AD7689_Scan_CH)
    AD7689_TransferByte                      0x08021b05   Thumb Code    56  ad7689.o(i.AD7689_TransferByte)
    ADC1_DMA_Init                            0x08021b41   Thumb Code   214  adc.o(i.ADC1_DMA_Init)
    ADC_CH_Scan                              0x08021c29   Thumb Code    62  adc.o(i.ADC_CH_Scan)
    ADC_Cmd                                  0x08021c71   Thumb Code    20  stm32f4xx_adc.o(i.ADC_Cmd)
    ADC_CommonInit                           0x08021c85   Thumb Code    34  stm32f4xx_adc.o(i.ADC_CommonInit)
    ADC_DMACmd                               0x08021cb1   Thumb Code    20  stm32f4xx_adc.o(i.ADC_DMACmd)
    ADC_DMARequestAfterLastTransferCmd       0x08021cc5   Thumb Code    20  stm32f4xx_adc.o(i.ADC_DMARequestAfterLastTransferCmd)
    ADC_DeInit                               0x08021cd9   Thumb Code    24  stm32f4xx_adc.o(i.ADC_DeInit)
    ADC_Init                                 0x08021cf1   Thumb Code    66  stm32f4xx_adc.o(i.ADC_Init)
    ADC_RegularChannelConfig                 0x08021d3d   Thumb Code   116  stm32f4xx_adc.o(i.ADC_RegularChannelConfig)
    ADC_SoftwareStartConv                    0x08021db1   Thumb Code    10  stm32f4xx_adc.o(i.ADC_SoftwareStartConv)
    BubbleSort                               0x08021dbb   Thumb Code    66  ad7689.o(i.BubbleSort)
    BusFault_Handler                         0x08021dfd   Thumb Code     2  stm32f4xx_it.o(i.BusFault_Handler)
    CRC16                                    0x08021e01   Thumb Code    40  stm32f4xx_it.o(i.CRC16)
    CalHandle                                0x08021e2d   Thumb Code  2542  usart.o(i.CalHandle)
    DAM1_ADC_NVIC                            0x0802281b   Thumb Code    32  adc.o(i.DAM1_ADC_NVIC)
    DMA1_Stream3_IRQHandler                  0x0802283d   Thumb Code    50  usart.o(i.DMA1_Stream3_IRQHandler)
    DMA2_Stream0_IRQHandler                  0x0802287d   Thumb Code    22  stm32f4xx_it.o(i.DMA2_Stream0_IRQHandler)
    DMA_ClearFlag                            0x080228a1   Thumb Code    32  stm32f4xx_dma.o(i.DMA_ClearFlag)
    DMA_ClearITPendingBit                    0x080228cd   Thumb Code    32  stm32f4xx_dma.o(i.DMA_ClearITPendingBit)
    DMA_Cmd                                  0x080228f9   Thumb Code    20  stm32f4xx_dma.o(i.DMA_Cmd)
    DMA_DeInit                               0x0802290d   Thumb Code   272  stm32f4xx_dma.o(i.DMA_DeInit)
    DMA_GetCurrDataCounter                   0x08022a31   Thumb Code     6  stm32f4xx_dma.o(i.DMA_GetCurrDataCounter)
    DMA_GetITStatus                          0x08022a39   Thumb Code    68  stm32f4xx_dma.o(i.DMA_GetITStatus)
    DMA_ITConfig                             0x08022a8d   Thumb Code    44  stm32f4xx_dma.o(i.DMA_ITConfig)
    DMA_Init                                 0x08022ab9   Thumb Code    80  stm32f4xx_dma.o(i.DMA_Init)
    DMA_SetCurrDataCounter                   0x08022b0d   Thumb Code     4  stm32f4xx_dma.o(i.DMA_SetCurrDataCounter)
    DS18B20_IN                               0x08022b11   Thumb Code    42  gpio.o(i.DS18B20_IN)
    DS18B20_OUT                              0x08022b41   Thumb Code    44  gpio.o(i.DS18B20_OUT)
    DebugMon_Handler                         0x08022b71   Thumb Code     2  stm32f4xx_it.o(i.DebugMon_Handler)
    Delay_ms                                 0x08022b73   Thumb Code    28  ssd1963.o(i.Delay_ms)
    Delay_usS                                0x08022b91   Thumb Code    70  ssd1963.o(i.Delay_usS)
    Ds18b20Check                             0x08022bd9   Thumb Code    88  main.o(i.Ds18b20Check)
    Ds18b20GetTemp                           0x08022c35   Thumb Code    92  main.o(i.Ds18b20GetTemp)
    Ds18b20Init                              0x08022c99   Thumb Code    54  main.o(i.Ds18b20Init)
    Ds18b20ReadBit                           0x08022cd5   Thumb Code    70  main.o(i.Ds18b20ReadBit)
    Ds18b20ReadByte                          0x08022d21   Thumb Code    32  main.o(i.Ds18b20ReadByte)
    Ds18b20Rst                               0x08022d41   Thumb Code    46  main.o(i.Ds18b20Rst)
    Ds18b20Start                             0x08022d75   Thumb Code    26  main.o(i.Ds18b20Start)
    Ds18b20WriteByte                         0x08022d91   Thumb Code    88  main.o(i.Ds18b20WriteByte)
    EXTI_DeInit                              0x08022ded   Thumb Code    28  stm32f4xx_exti.o(i.EXTI_DeInit)
    GPIO_Conf                                0x08022e11   Thumb Code   214  gpio.o(i.GPIO_Conf)
    GPIO_Init                                0x08022efd   Thumb Code   162  stm32f4xx_gpio.o(i.GPIO_Init)
    GPIO_PinAFConfig                         0x08022f9f   Thumb Code    32  stm32f4xx_gpio.o(i.GPIO_PinAFConfig)
    GPIO_ReadInputDataBit                    0x08022fbf   Thumb Code    14  stm32f4xx_gpio.o(i.GPIO_ReadInputDataBit)
    GPIO_ResetBits                           0x08022fcd   Thumb Code     4  stm32f4xx_gpio.o(i.GPIO_ResetBits)
    GPIO_SetBits                             0x08022fd1   Thumb Code     4  stm32f4xx_gpio.o(i.GPIO_SetBits)
    HardFault_Handler                        0x08022fd5   Thumb Code     2  stm32f4xx_it.o(i.HardFault_Handler)
    Hardware_CRC                             0x08022fd9   Thumb Code   124  modbus.o(i.Hardware_CRC)
    IsDigitChar                              0x08023055   Thumb Code    14  usart.o(i.IsDigitChar)
    JumpBoot                                 0x08023065   Thumb Code   386  main.o(i.JumpBoot)
    LIST_ONOFF                               0x08023211   Thumb Code   402  usart.o(i.LIST_ONOFF)
    MODE_CONT                                0x080233e1   Thumb Code   260  cont.o(i.MODE_CONT)
    MODE_ONOFF                               0x080234fd   Thumb Code   266  usart.o(i.MODE_ONOFF)
    MODE_PARASET                             0x08023641   Thumb Code   140  usart.o(i.MODE_PARASET)
    MODS_Poll                                0x08023a0d   Thumb Code    78  tim6.o(i.MODS_Poll)
    MODS_SendWithCRC                         0x08023c19   Thumb Code    72  stm32f4xx_it.o(i.MODS_SendWithCRC)
    MemManage_Handler                        0x08023ced   Thumb Code     2  stm32f4xx_it.o(i.MemManage_Handler)
    NMI_Handler                              0x08023cef   Thumb Code     2  stm32f4xx_it.o(i.NMI_Handler)
    NVIC_Init                                0x08023d09   Thumb Code    96  misc.o(i.NVIC_Init)
    NVIC_PriorityGroupConfig                 0x08023d6d   Thumb Code    10  misc.o(i.NVIC_PriorityGroupConfig)
    NVIC_SetVectorTable                      0x08023d81   Thumb Code    12  misc.o(i.NVIC_SetVectorTable)
    OTG_FS_IRQHandler                        0x08023d95   Thumb Code     2  usbh_usr.o(i.OTG_FS_IRQHandler)
    Off_GPOI_ResetSet                        0x08023d99   Thumb Code    28  main.o(i.Off_GPOI_ResetSet)
    OnOff_GPOI_ResetSet                      0x08023db9   Thumb Code    66  main.o(i.OnOff_GPOI_ResetSet)
    PendSV_Handler                           0x08023e05   Thumb Code     2  stm32f4xx_it.o(i.PendSV_Handler)
    PowerSwitch                              0x08023e09   Thumb Code    62  usart.o(i.PowerSwitch)
    RCC_AHB1PeriphClockCmd                   0x08023e4d   Thumb Code    18  stm32f4xx_rcc.o(i.RCC_AHB1PeriphClockCmd)
    RCC_APB1PeriphClockCmd                   0x08023e65   Thumb Code    18  stm32f4xx_rcc.o(i.RCC_APB1PeriphClockCmd)
    RCC_APB1PeriphResetCmd                   0x08023e7d   Thumb Code    18  stm32f4xx_rcc.o(i.RCC_APB1PeriphResetCmd)
    RCC_APB2PeriphClockCmd                   0x08023e95   Thumb Code    18  stm32f4xx_rcc.o(i.RCC_APB2PeriphClockCmd)
    RCC_APB2PeriphResetCmd                   0x08023ead   Thumb Code    18  stm32f4xx_rcc.o(i.RCC_APB2PeriphResetCmd)
    RCC_Configuration                        0x08023ec5   Thumb Code   110  clock.o(i.RCC_Configuration)
    RCC_DeInit                               0x08023f39   Thumb Code    68  stm32f4xx_rcc.o(i.RCC_DeInit)
    RCC_GetClocksFreq                        0x08023f8d   Thumb Code   132  stm32f4xx_rcc.o(i.RCC_GetClocksFreq)
    RCC_GetFlagStatus                        0x0802401d   Thumb Code    46  stm32f4xx_rcc.o(i.RCC_GetFlagStatus)
    RCC_GetSYSCLKSource                      0x08024051   Thumb Code    10  stm32f4xx_rcc.o(i.RCC_GetSYSCLKSource)
    RCC_HCLKConfig                           0x08024061   Thumb Code    14  stm32f4xx_rcc.o(i.RCC_HCLKConfig)
    RCC_HSEConfig                            0x08024075   Thumb Code    10  stm32f4xx_rcc.o(i.RCC_HSEConfig)
    RCC_PCLK1Config                          0x08024085   Thumb Code    14  stm32f4xx_rcc.o(i.RCC_PCLK1Config)
    RCC_PCLK2Config                          0x08024099   Thumb Code    16  stm32f4xx_rcc.o(i.RCC_PCLK2Config)
    RCC_PLLCmd                               0x080240ad   Thumb Code     6  stm32f4xx_rcc.o(i.RCC_PLLCmd)
    RCC_PLLConfig                            0x080240b9   Thumb Code    30  stm32f4xx_rcc.o(i.RCC_PLLConfig)
    RCC_RTCCLKCmd                            0x080240e1   Thumb Code     6  stm32f4xx_rcc.o(i.RCC_RTCCLKCmd)
    RCC_SYSCLKConfig                         0x080240ed   Thumb Code    14  stm32f4xx_rcc.o(i.RCC_SYSCLKConfig)
    RCC_WaitForHSEStartUp                    0x08024101   Thumb Code    44  stm32f4xx_rcc.o(i.RCC_WaitForHSEStartUp)
    RTC_DeInit                               0x0802412d   Thumb Code   168  stm32f4xx_rtc.o(i.RTC_DeInit)
    RTC_EnterInitMode                        0x080241dd   Thumb Code    56  stm32f4xx_rtc.o(i.RTC_EnterInitMode)
    RTC_ITConfig                             0x08024219   Thumb Code    60  stm32f4xx_rtc.o(i.RTC_ITConfig)
    RTC_WaitForSynchro                       0x08024259   Thumb Code    70  stm32f4xx_rtc.o(i.RTC_WaitForSynchro)
    RTC_WakeUpCmd                            0x080242a5   Thumb Code    84  stm32f4xx_rtc.o(i.RTC_WakeUpCmd)
    ReadBytes                                0x080242fd   Thumb Code   128  at24c01.o(i.ReadBytes)
    ReadPowData                              0x0802437d   Thumb Code    58  usart.o(i.ReadPowData)
    Read_Boot_Flag                           0x080243bd   Thumb Code    10  sysflag.o(i.Read_Boot_Flag)
    Read_Flash_Bytes                         0x080243cd   Thumb Code    10  sysflag.o(i.Read_Flash_Bytes)
    RecHandle                                0x080243dd   Thumb Code    54  stm32f4xx_it.o(i.RecHandle)
    SPI_AD7689_Read                          0x0802441d   Thumb Code    96  ad7689.o(i.SPI_AD7689_Read)
    SPI_Cmd                                  0x08024481   Thumb Code    20  stm32f4xx_spi.o(i.SPI_Cmd)
    SPI_I2S_GetFlagStatus                    0x08024495   Thumb Code    14  stm32f4xx_spi.o(i.SPI_I2S_GetFlagStatus)
    SPI_I2S_ReceiveData                      0x080244a3   Thumb Code     4  stm32f4xx_spi.o(i.SPI_I2S_ReceiveData)
    SPI_I2S_SendData                         0x080244a7   Thumb Code     4  stm32f4xx_spi.o(i.SPI_I2S_SendData)
    SPI_Init                                 0x080244ab   Thumb Code    56  stm32f4xx_spi.o(i.SPI_Init)
    SVC_Handler                              0x080244e3   Thumb Code     2  stm32f4xx_it.o(i.SVC_Handler)
    SendToPC                                 0x080244e5   Thumb Code   276  tim4.o(i.SendToPC)
    SerialRemoteHandleL                      0x08024619   Thumb Code  3498  usart.o(i.SerialRemoteHandleL)
    SetErr_ACK                               0x080253d9   Thumb Code   122  usart.o(i.SetErr_ACK)
    SetListPC                                0x0802547d   Thumb Code    20  usart.o(i.SetListPC)
    SetListPS                                0x08025499   Thumb Code    62  usart.o(i.SetListPS)
    SetListPV                                0x080254e1   Thumb Code    18  usart.o(i.SetListPV)
    SetPowerC                                0x080254fd   Thumb Code    76  usart.o(i.SetPowerC)
    SetPowerModeC                            0x0802554d   Thumb Code    20  usart.o(i.SetPowerModeC)
    SetPowerModeS                            0x08025569   Thumb Code    66  usart.o(i.SetPowerModeS)
    SetPowerModeV                            0x080255b5   Thumb Code    18  usart.o(i.SetPowerModeV)
    SetPowerV                                0x080255d1   Thumb Code    72  usart.o(i.SetPowerV)
    Swap                                     0x080256d1   Thumb Code    20  ad7689.o(i.Swap)
    SysTick_Handler                          0x080256e5   Thumb Code    78  stm32f4xx_it.o(i.SysTick_Handler)
    SysTick_Init                             0x0802574d   Thumb Code    54  bsp_systick.o(i.SysTick_Init)
    SystemInit                               0x0802578d   Thumb Code    72  system_stm32f4xx.o(i.SystemInit)
    TIM1_Config                              0x080257e9   Thumb Code    78  tim1.o(i.TIM1_Config)
    TIM1_PWM_Config                          0x0802583d   Thumb Code   158  tim1.o(i.TIM1_PWM_Config)
    TIM3_IRQHandler                          0x080258e5   Thumb Code  2394  tim4.o(i.TIM3_IRQHandler)
    TIM3_Int_Init                            0x08026259   Thumb Code    86  tim4.o(i.TIM3_Int_Init)
    TIM4_Config                              0x080262b5   Thumb Code    78  tim4.o(i.TIM4_Config)
    TIM4_PWM_Config                          0x08026309   Thumb Code   160  tim4.o(i.TIM4_PWM_Config)
    TIM5_IRQHandler                          0x080263ad   Thumb Code    42  tim6.o(i.TIM5_IRQHandler)
    TIM5_Int_Init                            0x080263e1   Thumb Code    88  tim6.o(i.TIM5_Int_Init)
    TIM6_Config                              0x0802643d   Thumb Code    98  tim6.o(i.TIM6_Config)
    TIM6_DAC_IRQHandler                      0x080264a5   Thumb Code     8  stm32f4xx_it.o(i.TIM6_DAC_IRQHandler)
    TIM_ARRPreloadConfig                     0x080264b1   Thumb Code    20  stm32f4xx_tim.o(i.TIM_ARRPreloadConfig)
    TIM_ClearITPendingBit                    0x080264c5   Thumb Code     6  stm32f4xx_tim.o(i.TIM_ClearITPendingBit)
    TIM_Cmd                                  0x080264cb   Thumb Code    20  stm32f4xx_tim.o(i.TIM_Cmd)
    TIM_CtrlPWMOutputs                       0x080264df   Thumb Code    22  stm32f4xx_tim.o(i.TIM_CtrlPWMOutputs)
    TIM_DeInit                               0x080264f5   Thumb Code   284  stm32f4xx_tim.o(i.TIM_DeInit)
    TIM_GetITStatus                          0x08026645   Thumb Code    24  stm32f4xx_tim.o(i.TIM_GetITStatus)
    TIM_ITConfig                             0x0802665d   Thumb Code    16  stm32f4xx_tim.o(i.TIM_ITConfig)
    TIM_OC1Init                              0x0802666d   Thumb Code    88  stm32f4xx_tim.o(i.TIM_OC1Init)
    TIM_OC1PreloadConfig                     0x080266cd   Thumb Code    12  stm32f4xx_tim.o(i.TIM_OC1PreloadConfig)
    TIM_OC3Init                              0x080266d9   Thumb Code   116  stm32f4xx_tim.o(i.TIM_OC3Init)
    TIM_OC3PreloadConfig                     0x08026755   Thumb Code    12  stm32f4xx_tim.o(i.TIM_OC3PreloadConfig)
    TIM_OC4Init                              0x08026761   Thumb Code    88  stm32f4xx_tim.o(i.TIM_OC4Init)
    TIM_OC4PreloadConfig                     0x080267c1   Thumb Code    20  stm32f4xx_tim.o(i.TIM_OC4PreloadConfig)
    TIM_SetAutoreload                        0x080267d5   Thumb Code     4  stm32f4xx_tim.o(i.TIM_SetAutoreload)
    TIM_SetCompare1                          0x080267d9   Thumb Code     4  stm32f4xx_tim.o(i.TIM_SetCompare1)
    TIM_TimeBaseInit                         0x080267dd   Thumb Code    96  stm32f4xx_tim.o(i.TIM_TimeBaseInit)
    TM1650_GPIO_INT                          0x08026859   Thumb Code    42  tm1650.o(i.TM1650_GPIO_INT)
    Temp_Comapre                             0x08026889   Thumb Code    58  tim4.o(i.Temp_Comapre)
    TimingDelay_Decrement                    0x080268d1   Thumb Code    16  bsp_systick.o(i.TimingDelay_Decrement)
    Transformation_ADC                       0x080268e5   Thumb Code  1220  modbus.o(i.Transformation_ADC)
    UART_Action                              0x08026db5   Thumb Code  3606  modbus.o(i.UART_Action)
    USART1_IRQHandler                        0x08027bcd   Thumb Code    78  stm32f4xx_it.o(i.USART1_IRQHandler)
    USART2_Configuration                     0x08027c29   Thumb Code   182  usart.o(i.USART2_Configuration)
    USART2_IRQHandler                        0x08027ce9   Thumb Code   116  usart.o(i.USART2_IRQHandler)
    USART3HANDLE                             0x08027d69   Thumb Code   164  usart.o(i.USART3HANDLE)
    USART3WriteDMA                           0x08027e19   Thumb Code    42  usart.o(i.USART3WriteDMA)
    USART3_Configuration                     0x08027e4d   Thumb Code   182  usart.o(i.USART3_Configuration)
    USART3_IRQHandler                        0x08028001   Thumb Code    98  usart.o(i.USART3_IRQHandler)
    USART_ClearFlag                          0x08028071   Thumb Code     6  stm32f4xx_usart.o(i.USART_ClearFlag)
    USART_ClearITPendingBit                  0x08028077   Thumb Code    12  stm32f4xx_usart.o(i.USART_ClearITPendingBit)
    USART_Cmd                                0x08028083   Thumb Code    20  stm32f4xx_usart.o(i.USART_Cmd)
    USART_Configuration                      0x08028099   Thumb Code   184  usart.o(i.USART_Configuration)
    USART_DMACmd                             0x08028159   Thumb Code    16  stm32f4xx_usart.o(i.USART_DMACmd)
    USART_DeInit                             0x08028169   Thumb Code   138  stm32f4xx_usart.o(i.USART_DeInit)
    USART_GetFlagStatus                      0x08028215   Thumb Code    14  stm32f4xx_usart.o(i.USART_GetFlagStatus)
    USART_GetITStatus                        0x08028223   Thumb Code    62  stm32f4xx_usart.o(i.USART_GetITStatus)
    USART_ITConfig                           0x08028261   Thumb Code    48  stm32f4xx_usart.o(i.USART_ITConfig)
    USART_Init                               0x08028291   Thumb Code   164  stm32f4xx_usart.o(i.USART_Init)
    USART_ReceiveData                        0x0802833d   Thumb Code     8  stm32f4xx_usart.o(i.USART_ReceiveData)
    USART_SendData                           0x08028345   Thumb Code     8  stm32f4xx_usart.o(i.USART_SendData)
    UsageFault_Handler                       0x0802834d   Thumb Code     2  stm32f4xx_it.o(i.UsageFault_Handler)
    Usart_SendByte                           0x0802834f   Thumb Code    22  stm32f4xx_it.o(i.Usart_SendByte)
    WriteBytes                               0x08028365   Thumb Code   174  at24c01.o(i.WriteBytes)
    Write_Boot_Flag                          0x08028415   Thumb Code    10  sysflag.o(i.Write_Boot_Flag)
    Write_Flash_Bytes                        0x08028425   Thumb Code    10  sysflag.o(i.Write_Flash_Bytes)
    __ARM_fpclassify                         0x08028435   Thumb Code    48  fpclassify.o(i.__ARM_fpclassify)
    _is_digit                                0x08028465   Thumb Code    14  __printf_wp.o(i._is_digit)
    i2c_Ack                                  0x08028475   Thumb Code    52  iic_24c01.o(i.i2c_Ack)
    i2c_CfgGpio                              0x080284ad   Thumb Code    44  iic_24c01.o(i.i2c_CfgGpio)
    i2c_NAck                                 0x080284f9   Thumb Code    44  iic_24c01.o(i.i2c_NAck)
    i2c_ReadByte                             0x08028529   Thumb Code    90  iic_24c01.o(i.i2c_ReadByte)
    i2c_SendByte                             0x08028589   Thumb Code   114  iic_24c01.o(i.i2c_SendByte)
    i2c_Start                                0x08028601   Thumb Code    52  iic_24c01.o(i.i2c_Start)
    i2c_Stop                                 0x08028639   Thumb Code    36  iic_24c01.o(i.i2c_Stop)
    i2c_WaitAck                              0x08028661   Thumb Code    62  iic_24c01.o(i.i2c_WaitAck)
    main                                     0x080286a5   Thumb Code   368  main.o(i.main)
    _get_lc_numeric                          0x0802883d   Thumb Code    44  lc_numeric_c.o(locale$$code)
    __aeabi_d2iz                             0x08028869   Thumb Code     0  dfix.o(x$fpl$dfix)
    _dfix                                    0x08028869   Thumb Code    94  dfix.o(x$fpl$dfix)
    __aeabi_i2d                              0x080288c7   Thumb Code     0  dflt_clz.o(x$fpl$dflt)
    _dflt                                    0x080288c7   Thumb Code    46  dflt_clz.o(x$fpl$dflt)
    __aeabi_dmul                             0x080288f5   Thumb Code     0  dmul.o(x$fpl$dmul)
    _dmul                                    0x080288f5   Thumb Code   332  dmul.o(x$fpl$dmul)
    __fpl_dnaninf                            0x08028a49   Thumb Code   156  dnaninf.o(x$fpl$dnaninf)
    __fpl_dretinf                            0x08028ae5   Thumb Code    12  dretinf.o(x$fpl$dretinf)
    __aeabi_f2d                              0x08028af1   Thumb Code     0  f2d.o(x$fpl$f2d)
    _f2d                                     0x08028af1   Thumb Code    86  f2d.o(x$fpl$f2d)
    __fpl_fnaninf                            0x08028b47   Thumb Code   140  fnaninf.o(x$fpl$fnaninf)
    _fp_init                                 0x08028bd3   Thumb Code    10  fpinit.o(x$fpl$fpinit)
    __fplib_config_fpu_vfp                   0x08028bdb   Thumb Code     0  fpinit.o(x$fpl$fpinit)
    __fplib_config_pureend_doubles           0x08028bdb   Thumb Code     0  fpinit.o(x$fpl$fpinit)
    _printf_fp_dec                           0x08028bdd   Thumb Code     4  printf1.o(x$fpl$printf1)
    __I$use$fp                               0x08028be0   Number         0  usenofp.o(x$fpl$usenofp)
    s_CRCLo                                  0x08028ce0   Data         256  stm32f4xx_it.o(.constdata)
    Region$$Table$$Base                      0x08028e88   Number         0  anon$$obj.o(Region$$Table)
    Region$$Table$$Limit                     0x08028ea8   Number         0  anon$$obj.o(Region$$Table)
    SystemCoreClock                          0x20000000   Data           4  system_stm32f4xx.o(.data)
    AHBPrescTable                            0x20000004   Data          16  system_stm32f4xx.o(.data)
    trig_flag_state                          0x20000024   Data           1  main.o(.data)
    max_discahrgeNum                         0x20000028   Data           4  main.o(.data)
    old_I                                    0x2000002c   Data           4  main.o(.data)
    jumpflag                                 0x20000030   Data           1  main.o(.data)
    POWER_RECHARGE                           0x20000031   Data           1  main.o(.data)
    C_DISCHARGE                              0x20000032   Data           1  main.o(.data)
    calflag                                  0x20000033   Data           1  main.o(.data)
    tempflag                                 0x20000034   Data           1  main.o(.data)
    Temperature                              0x20000036   Data           2  main.o(.data)
    flagA                                    0x20000038   Data           4  main.o(.data)
    flagB                                    0x2000003c   Data           4  main.o(.data)
    flagE                                    0x20000040   Data           4  main.o(.data)
    readpowflag                              0x20000044   Data           4  main.o(.data)
    flagD                                    0x20000048   Data           4  main.o(.data)
    flagG                                    0x2000004c   Data           4  main.o(.data)
    bootflag                                 0x20000050   Data           1  main.o(.data)
    DISS_Voltage                             0x20000054   Data           4  main.o(.data)
    DISS_POW_Voltage                         0x20000058   Data           4  main.o(.data)
    DISS_Current                             0x2000005c   Data           4  main.o(.data)
    DISS_POW_Current                         0x20000060   Data           4  main.o(.data)
    CDC_CsumMah                              0x20000064   Data           4  main.o(.data)
    CDC_DCsumMah                             0x20000068   Data           4  main.o(.data)
    g_mods_timeout                           0x2000006c   Data           1  stm32f4xx_it.o(.data)
    sendmodeflag                             0x2000006d   Data           1  stm32f4xx_it.o(.data)
    mode_sw                                  0x2000006e   Data           1  stm32f4xx_it.o(.data)
    rmtrig                                   0x2000006f   Data           3  stm32f4xx_it.o(.data)
    v                                        0x20000074   Data           4  stm32f4xx_it.o(.data)
    shortv                                   0x20000078   Data           4  stm32f4xx_it.o(.data)
    NTC_value                                0x2000007c   Data           2  adc.o(.data)
    Vmon_POWE_value                          0x2000007e   Data           2  adc.o(.data)
    Imon_POWE_value                          0x20000080   Data           2  adc.o(.data)
    Imon_Load_value                          0x20000082   Data           2  adc.o(.data)
    Vmon_Load_value                          0x20000084   Data           2  adc.o(.data)
    Rmon_value                               0x20000086   Data           2  adc.o(.data)
    R1mon_value                              0x20000088   Data           2  adc.o(.data)
    R2mon_value                              0x2000008a   Data           2  adc.o(.data)
    Contr_Voltage                            0x2000008c   Data           2  adc.o(.data)
    Contr_Current                            0x2000008e   Data           2  adc.o(.data)
    Contr_Laod                               0x20000090   Data           2  adc.o(.data)
    t_0_5S                                   0x20000092   Data           2  beep.o(.data)
    ADDR                                     0x20000098   Data           1  modbus.o(.data)
    Modify_A_READ                            0x2000009c   Data           4  modbus.o(.data)
    Modify_C_READ                            0x200000a0   Data           4  modbus.o(.data)
    Modify_A_ACT                             0x200000a4   Data           4  modbus.o(.data)
    Modify_B_READ                            0x200000a8   Data           4  modbus.o(.data)
    Modify_D_READ                            0x200000ac   Data           4  modbus.o(.data)
    Modify_B_ACT                             0x200000b0   Data           4  modbus.o(.data)
    PWM_FI                                   0x200000b4   Data           2  tim1.o(.data)
    Tick_10ms                                0x200000b8   Data           4  tim6.o(.data)
    OldTick                                  0x200000c0   Data           4  tim6.o(.data)
    USART3_Recive_leng                       0x200000c4   Data           1  usart.o(.data)
    USART3_Recive_flg                        0x200000c5   Data           1  usart.o(.data)
    Transmit_BUFFERsize                      0x200000c8   Data           1  usart.o(.data)
    MODE                                     0x200000c9   Data           1  usart.o(.data)
    mainswitch                               0x200000ca   Data           1  usart.o(.data)
    Rraly                                    0x200000cb   Data           1  usart.o(.data)
    sendwait                                 0x200000cc   Data           1  usart.o(.data)
    listsend                                 0x200000cd   Data           1  usart.o(.data)
    listocwatch                              0x200000ce   Data           1  usart.o(.data)
    listpowwatch1                            0x200000cf   Data           1  usart.o(.data)
    listpowwatch2                            0x200000d0   Data           1  usart.o(.data)
    USART_RX_STA                             0x200000d2   Data           2  usart.o(.data)
    USART_RX_CNT                             0x200000d4   Data           2  usart.o(.data)
    x1                                       0x200000d8   Data           4  usart.o(.data)
    y1                                       0x200000dc   Data           4  usart.o(.data)
    x2                                       0x200000e0   Data           4  usart.o(.data)
    y2                                       0x200000e4   Data           4  usart.o(.data)
    x3                                       0x200000e8   Data           4  usart.o(.data)
    y3                                       0x200000ec   Data           4  usart.o(.data)
    x4                                       0x200000f0   Data           4  usart.o(.data)
    y4                                       0x200000f4   Data           4  usart.o(.data)
    x5                                       0x200000f8   Data           4  usart.o(.data)
    y5                                       0x200000fc   Data           4  usart.o(.data)
    x6                                       0x20000100   Data           4  usart.o(.data)
    y6                                       0x20000104   Data           4  usart.o(.data)
    x7                                       0x20000108   Data           4  usart.o(.data)
    y7                                       0x2000010c   Data           4  usart.o(.data)
    x8                                       0x20000110   Data           4  usart.o(.data)
    y8                                       0x20000114   Data           4  usart.o(.data)
    watchtest                                0x20000118   Data           4  usart.o(.data)
    CmdStr                                   0x2000011c   Data         171  usart.o(.data)
    UART_Buffer_Size                         0x200001c7   Data           1  usart.o(.data)
    t_USART                                  0x200001c8   Data           1  usart.o(.data)
    HSEStartUpStatus                         0x200001c9   Data           1  clock.o(.data)
    version                                  0x200001cc   Data           1  tim4.o(.data)
    shorttime                                0x200001d0   Data           1  tim4.o(.data)
    shortflag                                0x200001d1   Data           1  tim4.o(.data)
    finishflag                               0x200001d2   Data           1  tim4.o(.data)
    charge_step                              0x200001d3   Data           1  tim4.o(.data)
    loop                                     0x200001d4   Data           1  tim4.o(.data)
    overflag                                 0x200001d5   Data           1  tim4.o(.data)
    cdcswdelay                               0x200001d6   Data           2  tim4.o(.data)
    watchcount                               0x200001d8   Data           2  tim4.o(.data)
    abc_time                                 0x200001dc   Data           4  tim4.o(.data)
    ms_time                                  0x200001e0   Data           4  tim4.o(.data)
    shutcount2                               0x200001e4   Data           4  tim4.o(.data)
    shutcount3                               0x200001e8   Data           4  tim4.o(.data)
    shutcount4                               0x200001ec   Data           4  tim4.o(.data)
    recharge                                 0x200001f0   Data           4  tim4.o(.data)
    reboot                                   0x200001f4   Data           4  tim4.o(.data)
    testv                                    0x200001f8   Data           4  tim4.o(.data)
    finishdelay                              0x200001fc   Data           4  tim4.o(.data)
    battery_c                                0x20000200   Data           4  tim4.o(.data)
    ctime                                    0x20000204   Data           4  tim4.o(.data)
    dctime                                   0x20000208   Data           4  tim4.o(.data)
    capwait                                  0x2000020c   Data           4  tim4.o(.data)
    sendmodepow                              0x20000210   Data           6  tim4.o(.data)
    sendmodeload                             0x20000216   Data           6  tim4.o(.data)
    sendmodestop                             0x2000021c   Data           6  tim4.o(.data)
    sendmodegap                              0x20000222   Data           6  tim4.o(.data)
    lockflag                                 0x20000228   Data           1  tim4.o(.data)
    OS_TimeMS                                0x2000022c   Data           4  gui_x.o(.data)
    CLists                                   0x20000230   Data         144  main.o(.bss)
    CalPara                                  0x200002c0   Data         184  main.o(.bss)
    Para                                     0x20000378   Data         176  main.o(.bss)
    g_tModS                                  0x20000428   Data         163  stm32f4xx_it.o(.bss)
    ADC1_Buffer                              0x200004cc   Data         200  adc.o(.bss)
    Run_Control                              0x20000594   Data          68  modbus.o(.bss)
    UART_Buffer_Rece                         0x200005d8   Data          16  usart.o(.bss)
    UART_Buffer_Send                         0x200005e8   Data          20  usart.o(.bss)
    USART_RX_BUF                             0x200005fc   Data         200  usart.o(.bss)
    MasterSendbuf                            0x200006c4   Data         128  usart.o(.bss)
    MasterRecbuf                             0x20000744   Data         128  usart.o(.bss)
    AD7689_Buffer                            0x200007c4   Data          16  ad7689.o(.bss)
    Ad7689_Fit_Imon                          0x200007d4   Data         200  ad7689.o(.bss)
    Ad7689_Fit_Rmon                          0x2000089c   Data         200  ad7689.o(.bss)
    watchcurrent                             0x20000964   Data        2000  tim4.o(.bss)
    vccbuf                                   0x20001134   Data          15  tim4.o(.bss)
    __libspace_start                         0x20001144   Data          96  libspace.o(.bss)
    __temporary_stack_top$libspace           0x200011a4   Data           0  libspace.o(.bss)



==============================================================================

Memory Map of the image

  Image Entry point : 0x08020189

  Load Region LR_IROM1 (Base: 0x08020000, Size: 0x000090f4, Max: 0x00060000, ABSOLUTE, COMPRESSED[0x00008f60])

    Execution Region ER_IROM1 (Exec base: 0x08020000, Load base: 0x08020000, Size: 0x00008ec4, Max: 0x00060000, ABSOLUTE)

    Exec Addr    Load Addr    Size         Type   Attr      Idx    E Section Name        Object

    0x08020000   0x08020000   0x00000188   Data   RO            3    RESET               startup_stm32f40_41xxx.o
    0x08020188   0x08020188   0x00000008   Code   RO        11180  * !!!main             c_w.l(__main.o)
    0x08020190   0x08020190   0x00000034   Code   RO        11418    !!!scatter          c_w.l(__scatter.o)
    0x080201c4   0x080201c4   0x0000005a   Code   RO        11416    !!dczerorl2         c_w.l(__dczerorl2.o)
    0x0802021e   0x0802021e   0x00000002   PAD
    0x08020220   0x08020220   0x0000001c   Code   RO        11420    !!handler_zi        c_w.l(__scatter_zi.o)
    0x0802023c   0x0802023c   0x00000000   Code   RO        11159    .ARM.Collect$$_printf_percent$$00000000  c_w.l(_printf_percent.o)
    0x0802023c   0x0802023c   0x00000006   Code   RO        11158    .ARM.Collect$$_printf_percent$$00000003  c_w.l(_printf_f.o)
    0x08020242   0x08020242   0x00000006   Code   RO        11157    .ARM.Collect$$_printf_percent$$00000009  c_w.l(_printf_d.o)
    0x08020248   0x08020248   0x00000004   Code   RO        11207    .ARM.Collect$$_printf_percent$$00000017  c_w.l(_printf_percent_end.o)
    0x0802024c   0x0802024c   0x00000002   Code   RO        11289    .ARM.Collect$$libinit$$00000000  c_w.l(libinit.o)
    0x0802024e   0x0802024e   0x00000004   Code   RO        11290    .ARM.Collect$$libinit$$00000001  c_w.l(libinit2.o)
    0x08020252   0x08020252   0x00000000   Code   RO        11293    .ARM.Collect$$libinit$$00000004  c_w.l(libinit2.o)
    0x08020252   0x08020252   0x00000000   Code   RO        11296    .ARM.Collect$$libinit$$0000000A  c_w.l(libinit2.o)
    0x08020252   0x08020252   0x00000000   Code   RO        11298    .ARM.Collect$$libinit$$0000000C  c_w.l(libinit2.o)
    0x08020252   0x08020252   0x00000000   Code   RO        11300    .ARM.Collect$$libinit$$0000000E  c_w.l(libinit2.o)
    0x08020252   0x08020252   0x00000006   Code   RO        11301    .ARM.Collect$$libinit$$0000000F  c_w.l(libinit2.o)
    0x08020258   0x08020258   0x00000000   Code   RO        11303    .ARM.Collect$$libinit$$00000011  c_w.l(libinit2.o)
    0x08020258   0x08020258   0x00000000   Code   RO        11305    .ARM.Collect$$libinit$$00000013  c_w.l(libinit2.o)
    0x08020258   0x08020258   0x00000000   Code   RO        11307    .ARM.Collect$$libinit$$00000015  c_w.l(libinit2.o)
    0x08020258   0x08020258   0x0000000a   Code   RO        11308    .ARM.Collect$$libinit$$00000016  c_w.l(libinit2.o)
    0x08020262   0x08020262   0x00000000   Code   RO        11309    .ARM.Collect$$libinit$$00000017  c_w.l(libinit2.o)
    0x08020262   0x08020262   0x00000000   Code   RO        11311    .ARM.Collect$$libinit$$00000019  c_w.l(libinit2.o)
    0x08020262   0x08020262   0x00000000   Code   RO        11313    .ARM.Collect$$libinit$$0000001B  c_w.l(libinit2.o)
    0x08020262   0x08020262   0x00000000   Code   RO        11315    .ARM.Collect$$libinit$$0000001D  c_w.l(libinit2.o)
    0x08020262   0x08020262   0x00000000   Code   RO        11317    .ARM.Collect$$libinit$$0000001F  c_w.l(libinit2.o)
    0x08020262   0x08020262   0x00000000   Code   RO        11319    .ARM.Collect$$libinit$$00000021  c_w.l(libinit2.o)
    0x08020262   0x08020262   0x00000000   Code   RO        11321    .ARM.Collect$$libinit$$00000023  c_w.l(libinit2.o)
    0x08020262   0x08020262   0x00000000   Code   RO        11323    .ARM.Collect$$libinit$$00000025  c_w.l(libinit2.o)
    0x08020262   0x08020262   0x00000000   Code   RO        11327    .ARM.Collect$$libinit$$0000002C  c_w.l(libinit2.o)
    0x08020262   0x08020262   0x00000000   Code   RO        11329    .ARM.Collect$$libinit$$0000002E  c_w.l(libinit2.o)
    0x08020262   0x08020262   0x00000000   Code   RO        11331    .ARM.Collect$$libinit$$00000030  c_w.l(libinit2.o)
    0x08020262   0x08020262   0x00000000   Code   RO        11333    .ARM.Collect$$libinit$$00000032  c_w.l(libinit2.o)
    0x08020262   0x08020262   0x00000002   Code   RO        11334    .ARM.Collect$$libinit$$00000033  c_w.l(libinit2.o)
    0x08020264   0x08020264   0x00000002   Code   RO        11364    .ARM.Collect$$libshutdown$$00000000  c_w.l(libshutdown.o)
    0x08020266   0x08020266   0x00000000   Code   RO        11375    .ARM.Collect$$libshutdown$$00000002  c_w.l(libshutdown2.o)
    0x08020266   0x08020266   0x00000000   Code   RO        11377    .ARM.Collect$$libshutdown$$00000004  c_w.l(libshutdown2.o)
    0x08020266   0x08020266   0x00000000   Code   RO        11380    .ARM.Collect$$libshutdown$$00000007  c_w.l(libshutdown2.o)
    0x08020266   0x08020266   0x00000000   Code   RO        11383    .ARM.Collect$$libshutdown$$0000000A  c_w.l(libshutdown2.o)
    0x08020266   0x08020266   0x00000000   Code   RO        11385    .ARM.Collect$$libshutdown$$0000000C  c_w.l(libshutdown2.o)
    0x08020266   0x08020266   0x00000000   Code   RO        11388    .ARM.Collect$$libshutdown$$0000000F  c_w.l(libshutdown2.o)
    0x08020266   0x08020266   0x00000002   Code   RO        11389    .ARM.Collect$$libshutdown$$00000010  c_w.l(libshutdown2.o)
    0x08020268   0x08020268   0x00000000   Code   RO        11198    .ARM.Collect$$rtentry$$00000000  c_w.l(__rtentry.o)
    0x08020268   0x08020268   0x00000000   Code   RO        11218    .ARM.Collect$$rtentry$$00000002  c_w.l(__rtentry2.o)
    0x08020268   0x08020268   0x00000006   Code   RO        11230    .ARM.Collect$$rtentry$$00000004  c_w.l(__rtentry4.o)
    0x0802026e   0x0802026e   0x00000000   Code   RO        11220    .ARM.Collect$$rtentry$$00000009  c_w.l(__rtentry2.o)
    0x0802026e   0x0802026e   0x00000004   Code   RO        11221    .ARM.Collect$$rtentry$$0000000A  c_w.l(__rtentry2.o)
    0x08020272   0x08020272   0x00000000   Code   RO        11223    .ARM.Collect$$rtentry$$0000000C  c_w.l(__rtentry2.o)
    0x08020272   0x08020272   0x00000008   Code   RO        11224    .ARM.Collect$$rtentry$$0000000D  c_w.l(__rtentry2.o)
    0x0802027a   0x0802027a   0x00000002   Code   RO        11335    .ARM.Collect$$rtexit$$00000000  c_w.l(rtexit.o)
    0x0802027c   0x0802027c   0x00000000   Code   RO        11342    .ARM.Collect$$rtexit$$00000002  c_w.l(rtexit2.o)
    0x0802027c   0x0802027c   0x00000004   Code   RO        11343    .ARM.Collect$$rtexit$$00000003  c_w.l(rtexit2.o)
    0x08020280   0x08020280   0x00000006   Code   RO        11344    .ARM.Collect$$rtexit$$00000004  c_w.l(rtexit2.o)
    0x08020286   0x08020286   0x00000002   PAD
    0x08020288   0x08020288   0x00000040   Code   RO            4    .text               startup_stm32f40_41xxx.o
    0x080202c8   0x080202c8   0x00000028   Code   RO        11129    .text               c_w.l(noretval__2sprintf.o)
    0x080202f0   0x080202f0   0x0000004e   Code   RO        11133    .text               c_w.l(_printf_pad.o)
    0x0802033e   0x0802033e   0x00000002   PAD
    0x08020340   0x08020340   0x00000078   Code   RO        11135    .text               c_w.l(_printf_dec.o)
    0x080203b8   0x080203b8   0x00000138   Code   RO        11149    .text               c_w.l(__printf_flags_wp.o)
    0x080204f0   0x080204f0   0x00000024   Code   RO        11160    .text               c_w.l(strncat.o)
    0x08020514   0x08020514   0x0000003e   Code   RO        11162    .text               c_w.l(strlen.o)
    0x08020552   0x08020552   0x00000096   Code   RO        11164    .text               c_w.l(strncmp.o)
    0x080205e8   0x080205e8   0x0000008a   Code   RO        11166    .text               c_w.l(rt_memcpy_v6.o)
    0x08020672   0x08020672   0x00000084   Code   RO        11168    .text               c_w.l(rt_memmove_v6.o)
    0x080206f6   0x080206f6   0x00000064   Code   RO        11170    .text               c_w.l(rt_memcpy_w.o)
    0x0802075a   0x0802075a   0x00000044   Code   RO        11174    .text               c_w.l(rt_memclr.o)
    0x0802079e   0x0802079e   0x0000004e   Code   RO        11176    .text               c_w.l(rt_memclr_w.o)
    0x080207ec   0x080207ec   0x00000006   Code   RO        11178    .text               c_w.l(heapauxi.o)
    0x080207f2   0x080207f2   0x000000b2   Code   RO        11199    .text               c_w.l(_printf_intcommon.o)
    0x080208a4   0x080208a4   0x0000041e   Code   RO        11201    .text               c_w.l(_printf_fp_dec.o)
    0x08020cc2   0x08020cc2   0x00000002   PAD
    0x08020cc4   0x08020cc4   0x00000030   Code   RO        11203    .text               c_w.l(_printf_char_common.o)
    0x08020cf4   0x08020cf4   0x0000000a   Code   RO        11205    .text               c_w.l(_sputc.o)
    0x08020cfe   0x08020cfe   0x0000007a   Code   RO        11208    .text               c_w.l(rt_memmove_w.o)
    0x08020d78   0x08020d78   0x00000008   Code   RO        11235    .text               c_w.l(rt_locale_intlibspace.o)
    0x08020d80   0x08020d80   0x0000008a   Code   RO        11237    .text               c_w.l(lludiv10.o)
    0x08020e0a   0x08020e0a   0x00000002   PAD
    0x08020e0c   0x08020e0c   0x00000080   Code   RO        11239    .text               c_w.l(_printf_fp_infnan.o)
    0x08020e8c   0x08020e8c   0x000000e4   Code   RO        11243    .text               c_w.l(bigflt0.o)
    0x08020f70   0x08020f70   0x00000008   Code   RO        11275    .text               c_w.l(libspace.o)
    0x08020f78   0x08020f78   0x0000004a   Code   RO        11278    .text               c_w.l(sys_stackheap_outer.o)
    0x08020fc2   0x08020fc2   0x00000012   Code   RO        11280    .text               c_w.l(exit.o)
    0x08020fd4   0x08020fd4   0x00000080   Code   RO        11282    .text               c_w.l(strcmpv7m.o)
    0x08021054   0x08021054   0x0000000c   Code   RO        11354    .text               c_w.l(sys_exit.o)
    0x08021060   0x08021060   0x00000002   Code   RO        11365    .text               c_w.l(use_no_semi.o)
    0x08021062   0x08021062   0x00000000   Code   RO        11367    .text               c_w.l(indicate_semi.o)
    0x08021062   0x08021062   0x0000003e   Code   RO        11246    CL$$btod_d2e        c_w.l(btod.o)
    0x080210a0   0x080210a0   0x00000046   Code   RO        11248    CL$$btod_d2e_denorm_low  c_w.l(btod.o)
    0x080210e6   0x080210e6   0x00000060   Code   RO        11247    CL$$btod_d2e_norm_op1  c_w.l(btod.o)
    0x08021146   0x08021146   0x00000338   Code   RO        11256    CL$$btod_div_common  c_w.l(btod.o)
    0x0802147e   0x0802147e   0x000000dc   Code   RO        11253    CL$$btod_e2e        c_w.l(btod.o)
    0x0802155a   0x0802155a   0x0000002a   Code   RO        11250    CL$$btod_ediv       c_w.l(btod.o)
    0x08021584   0x08021584   0x0000002a   Code   RO        11249    CL$$btod_emul       c_w.l(btod.o)
    0x080215ae   0x080215ae   0x00000244   Code   RO        11255    CL$$btod_mult_common  c_w.l(btod.o)
    0x080217f2   0x080217f2   0x00000002   PAD
    0x080217f4   0x080217f4   0x00000030   Code   RO         6421    i.AD5541_GPIOCoing  ad5541.o
    0x08021824   0x08021824   0x000000b0   Code   RO         6422    i.AD5541_Send       ad5541.o
    0x080218d4   0x080218d4   0x0000001e   Code   RO         6283    i.AD7689_Delay      ad7689.o
    0x080218f2   0x080218f2   0x00000002   PAD
    0x080218f4   0x080218f4   0x000000d4   Code   RO         6285    i.AD7689_InitializeSPI1  ad7689.o
    0x080219c8   0x080219c8   0x0000013c   Code   RO         6286    i.AD7689_Scan_CH    ad7689.o
    0x08021b04   0x08021b04   0x0000003c   Code   RO         6287    i.AD7689_TransferByte  ad7689.o
    0x08021b40   0x08021b40   0x000000e8   Code   RO         5415    i.ADC1_DMA_Init     adc.o
    0x08021c28   0x08021c28   0x00000048   Code   RO         5416    i.ADC_CH_Scan       adc.o
    0x08021c70   0x08021c70   0x00000014   Code   RO          204    i.ADC_Cmd           stm32f4xx_adc.o
    0x08021c84   0x08021c84   0x0000002c   Code   RO          205    i.ADC_CommonInit    stm32f4xx_adc.o
    0x08021cb0   0x08021cb0   0x00000014   Code   RO          208    i.ADC_DMACmd        stm32f4xx_adc.o
    0x08021cc4   0x08021cc4   0x00000014   Code   RO          209    i.ADC_DMARequestAfterLastTransferCmd  stm32f4xx_adc.o
    0x08021cd8   0x08021cd8   0x00000018   Code   RO          210    i.ADC_DeInit        stm32f4xx_adc.o
    0x08021cf0   0x08021cf0   0x0000004c   Code   RO          224    i.ADC_Init          stm32f4xx_adc.o
    0x08021d3c   0x08021d3c   0x00000074   Code   RO          229    i.ADC_RegularChannelConfig  stm32f4xx_adc.o
    0x08021db0   0x08021db0   0x0000000a   Code   RO          231    i.ADC_SoftwareStartConv  stm32f4xx_adc.o
    0x08021dba   0x08021dba   0x00000042   Code   RO         6288    i.BubbleSort        ad7689.o
    0x08021dfc   0x08021dfc   0x00000002   Code   RO         5223    i.BusFault_Handler  stm32f4xx_it.o
    0x08021dfe   0x08021dfe   0x00000002   PAD
    0x08021e00   0x08021e00   0x0000002c   Code   RO         5224    i.CRC16             stm32f4xx_it.o
    0x08021e2c   0x08021e2c   0x000009ee   Code   RO         5987    i.CalHandle         usart.o
    0x0802281a   0x0802281a   0x00000020   Code   RO         5417    i.DAM1_ADC_NVIC     adc.o
    0x0802283a   0x0802283a   0x00000002   PAD
    0x0802283c   0x0802283c   0x00000040   Code   RO         5988    i.DMA1_Stream3_IRQHandler  usart.o
    0x0802287c   0x0802287c   0x00000024   Code   RO         5225    i.DMA2_Stream0_IRQHandler  stm32f4xx_it.o
    0x080228a0   0x080228a0   0x0000002c   Code   RO         1141    i.DMA_ClearFlag     stm32f4xx_dma.o
    0x080228cc   0x080228cc   0x0000002c   Code   RO         1142    i.DMA_ClearITPendingBit  stm32f4xx_dma.o
    0x080228f8   0x080228f8   0x00000014   Code   RO         1143    i.DMA_Cmd           stm32f4xx_dma.o
    0x0802290c   0x0802290c   0x00000124   Code   RO         1144    i.DMA_DeInit        stm32f4xx_dma.o
    0x08022a30   0x08022a30   0x00000006   Code   RO         1149    i.DMA_GetCurrDataCounter  stm32f4xx_dma.o
    0x08022a36   0x08022a36   0x00000002   PAD
    0x08022a38   0x08022a38   0x00000054   Code   RO         1153    i.DMA_GetITStatus   stm32f4xx_dma.o
    0x08022a8c   0x08022a8c   0x0000002c   Code   RO         1154    i.DMA_ITConfig      stm32f4xx_dma.o
    0x08022ab8   0x08022ab8   0x00000054   Code   RO         1155    i.DMA_Init          stm32f4xx_dma.o
    0x08022b0c   0x08022b0c   0x00000004   Code   RO         1158    i.DMA_SetCurrDataCounter  stm32f4xx_dma.o
    0x08022b10   0x08022b10   0x00000030   Code   RO         5639    i.DS18B20_IN        gpio.o
    0x08022b40   0x08022b40   0x00000030   Code   RO         5640    i.DS18B20_OUT       gpio.o
    0x08022b70   0x08022b70   0x00000002   Code   RO         5226    i.DebugMon_Handler  stm32f4xx_it.o
    0x08022b72   0x08022b72   0x0000001c   Code   RO         5815    i.Delay_ms          ssd1963.o
    0x08022b8e   0x08022b8e   0x00000002   PAD
    0x08022b90   0x08022b90   0x00000046   Code   RO         5816    i.Delay_usS         ssd1963.o
    0x08022bd6   0x08022bd6   0x00000002   PAD
    0x08022bd8   0x08022bd8   0x0000005c   Code   RO         4881    i.Ds18b20Check      main.o
    0x08022c34   0x08022c34   0x00000064   Code   RO         4882    i.Ds18b20GetTemp    main.o
    0x08022c98   0x08022c98   0x0000003c   Code   RO         4883    i.Ds18b20Init       main.o
    0x08022cd4   0x08022cd4   0x0000004c   Code   RO         4884    i.Ds18b20ReadBit    main.o
    0x08022d20   0x08022d20   0x00000020   Code   RO         4885    i.Ds18b20ReadByte   main.o
    0x08022d40   0x08022d40   0x00000034   Code   RO         4886    i.Ds18b20Rst        main.o
    0x08022d74   0x08022d74   0x0000001a   Code   RO         4887    i.Ds18b20Start      main.o
    0x08022d8e   0x08022d8e   0x00000002   PAD
    0x08022d90   0x08022d90   0x0000005c   Code   RO         4888    i.Ds18b20WriteByte  main.o
    0x08022dec   0x08022dec   0x00000024   Code   RO         1402    i.EXTI_DeInit       stm32f4xx_exti.o
    0x08022e10   0x08022e10   0x000000ec   Code   RO         5641    i.GPIO_Conf         gpio.o
    0x08022efc   0x08022efc   0x000000a2   Code   RO         1877    i.GPIO_Init         stm32f4xx_gpio.o
    0x08022f9e   0x08022f9e   0x00000020   Code   RO         1878    i.GPIO_PinAFConfig  stm32f4xx_gpio.o
    0x08022fbe   0x08022fbe   0x0000000e   Code   RO         1881    i.GPIO_ReadInputDataBit  stm32f4xx_gpio.o
    0x08022fcc   0x08022fcc   0x00000004   Code   RO         1884    i.GPIO_ResetBits    stm32f4xx_gpio.o
    0x08022fd0   0x08022fd0   0x00000004   Code   RO         1885    i.GPIO_SetBits      stm32f4xx_gpio.o
    0x08022fd4   0x08022fd4   0x00000002   Code   RO         5227    i.HardFault_Handler  stm32f4xx_it.o
    0x08022fd6   0x08022fd6   0x00000002   PAD
    0x08022fd8   0x08022fd8   0x0000007c   Code   RO         5767    i.Hardware_CRC      modbus.o
    0x08023054   0x08023054   0x0000000e   Code   RO         5989    i.IsDigitChar       usart.o
    0x08023062   0x08023062   0x00000002   PAD
    0x08023064   0x08023064   0x000001ac   Code   RO         4889    i.JumpBoot          main.o
    0x08023210   0x08023210   0x000001d0   Code   RO         5990    i.LIST_ONOFF        usart.o
    0x080233e0   0x080233e0   0x0000011c   Code   RO         6447    i.MODE_CONT         cont.o
    0x080234fc   0x080234fc   0x00000144   Code   RO         5991    i.MODE_ONOFF        usart.o
    0x08023640   0x08023640   0x000000a4   Code   RO         5992    i.MODE_PARASET      usart.o
    0x080236e4   0x080236e4   0x000000c0   Code   RO         5228    i.MODS_03H          stm32f4xx_it.o
    0x080237a4   0x080237a4   0x00000048   Code   RO         5229    i.MODS_06H          stm32f4xx_it.o
    0x080237ec   0x080237ec   0x0000004c   Code   RO         5230    i.MODS_50H          stm32f4xx_it.o
    0x08023838   0x08023838   0x0000004c   Code   RO         5231    i.MODS_51H          stm32f4xx_it.o
    0x08023884   0x08023884   0x0000004c   Code   RO         5232    i.MODS_52H          stm32f4xx_it.o
    0x080238d0   0x080238d0   0x000000e0   Code   RO         5233    i.MODS_CDC          stm32f4xx_it.o
    0x080239b0   0x080239b0   0x0000005c   Code   RO         5234    i.MODS_Load         stm32f4xx_it.o
    0x08023a0c   0x08023a0c   0x0000005c   Code   RO         5945    i.MODS_Poll         tim6.o
    0x08023a68   0x08023a68   0x00000064   Code   RO         5235    i.MODS_Pow          stm32f4xx_it.o
    0x08023acc   0x08023acc   0x00000100   Code   RO         5236    i.MODS_ReadRegValue  stm32f4xx_it.o
    0x08023bcc   0x08023bcc   0x00000028   Code   RO         5237    i.MODS_SendAckErr   stm32f4xx_it.o
    0x08023bf4   0x08023bf4   0x00000024   Code   RO         5238    i.MODS_SendAckOk    stm32f4xx_it.o
    0x08023c18   0x08023c18   0x0000004c   Code   RO         5239    i.MODS_SendWithCRC  stm32f4xx_it.o
    0x08023c64   0x08023c64   0x00000088   Code   RO         5240    i.MODS_WriteRegValue  stm32f4xx_it.o
    0x08023cec   0x08023cec   0x00000002   Code   RO         5241    i.MemManage_Handler  stm32f4xx_it.o
    0x08023cee   0x08023cee   0x00000002   Code   RO         5242    i.NMI_Handler       stm32f4xx_it.o
    0x08023cf0   0x08023cf0   0x00000016   Code   RO         4890    i.NVIC_DisableIRQ   main.o
    0x08023d06   0x08023d06   0x00000002   PAD
    0x08023d08   0x08023d08   0x00000064   Code   RO          150    i.NVIC_Init         misc.o
    0x08023d6c   0x08023d6c   0x00000014   Code   RO          151    i.NVIC_PriorityGroupConfig  misc.o
    0x08023d80   0x08023d80   0x00000014   Code   RO          152    i.NVIC_SetVectorTable  misc.o
    0x08023d94   0x08023d94   0x00000002   Code   RO         9630    i.OTG_FS_IRQHandler  usbh_usr.o
    0x08023d96   0x08023d96   0x00000002   PAD
    0x08023d98   0x08023d98   0x00000020   Code   RO         4891    i.Off_GPOI_ResetSet  main.o
    0x08023db8   0x08023db8   0x0000004c   Code   RO         4892    i.OnOff_GPOI_ResetSet  main.o
    0x08023e04   0x08023e04   0x00000002   Code   RO         5243    i.PendSV_Handler    stm32f4xx_it.o
    0x08023e06   0x08023e06   0x00000002   PAD
    0x08023e08   0x08023e08   0x00000044   Code   RO         5993    i.PowerSwitch       usart.o
    0x08023e4c   0x08023e4c   0x00000018   Code   RO         2741    i.RCC_AHB1PeriphClockCmd  stm32f4xx_rcc.o
    0x08023e64   0x08023e64   0x00000018   Code   RO         2750    i.RCC_APB1PeriphClockCmd  stm32f4xx_rcc.o
    0x08023e7c   0x08023e7c   0x00000018   Code   RO         2752    i.RCC_APB1PeriphResetCmd  stm32f4xx_rcc.o
    0x08023e94   0x08023e94   0x00000018   Code   RO         2753    i.RCC_APB2PeriphClockCmd  stm32f4xx_rcc.o
    0x08023eac   0x08023eac   0x00000018   Code   RO         2755    i.RCC_APB2PeriphResetCmd  stm32f4xx_rcc.o
    0x08023ec4   0x08023ec4   0x00000074   Code   RO         6260    i.RCC_Configuration  clock.o
    0x08023f38   0x08023f38   0x00000054   Code   RO         2761    i.RCC_DeInit        stm32f4xx_rcc.o
    0x08023f8c   0x08023f8c   0x00000090   Code   RO         2762    i.RCC_GetClocksFreq  stm32f4xx_rcc.o
    0x0802401c   0x0802401c   0x00000034   Code   RO         2763    i.RCC_GetFlagStatus  stm32f4xx_rcc.o
    0x08024050   0x08024050   0x00000010   Code   RO         2765    i.RCC_GetSYSCLKSource  stm32f4xx_rcc.o
    0x08024060   0x08024060   0x00000014   Code   RO         2766    i.RCC_HCLKConfig    stm32f4xx_rcc.o
    0x08024074   0x08024074   0x00000010   Code   RO         2767    i.RCC_HSEConfig     stm32f4xx_rcc.o
    0x08024084   0x08024084   0x00000014   Code   RO         2777    i.RCC_PCLK1Config   stm32f4xx_rcc.o
    0x08024098   0x08024098   0x00000014   Code   RO         2778    i.RCC_PCLK2Config   stm32f4xx_rcc.o
    0x080240ac   0x080240ac   0x0000000c   Code   RO         2779    i.RCC_PLLCmd        stm32f4xx_rcc.o
    0x080240b8   0x080240b8   0x00000028   Code   RO         2780    i.RCC_PLLConfig     stm32f4xx_rcc.o
    0x080240e0   0x080240e0   0x0000000c   Code   RO         2785    i.RCC_RTCCLKCmd     stm32f4xx_rcc.o
    0x080240ec   0x080240ec   0x00000014   Code   RO         2791    i.RCC_SYSCLKConfig  stm32f4xx_rcc.o
    0x08024100   0x08024100   0x0000002c   Code   RO         2793    i.RCC_WaitForHSEStartUp  stm32f4xx_rcc.o
    0x0802412c   0x0802412c   0x000000b0   Code   RO         3151    i.RTC_DeInit        stm32f4xx_rtc.o
    0x080241dc   0x080241dc   0x0000003c   Code   RO         3152    i.RTC_EnterInitMode  stm32f4xx_rtc.o
    0x08024218   0x08024218   0x00000040   Code   RO         3165    i.RTC_ITConfig      stm32f4xx_rtc.o
    0x08024258   0x08024258   0x0000004c   Code   RO         3189    i.RTC_WaitForSynchro  stm32f4xx_rtc.o
    0x080242a4   0x080242a4   0x00000058   Code   RO         3191    i.RTC_WakeUpCmd     stm32f4xx_rtc.o
    0x080242fc   0x080242fc   0x00000080   Code   RO         5471    i.ReadBytes         at24c01.o
    0x0802437c   0x0802437c   0x00000040   Code   RO         5994    i.ReadPowData       usart.o
    0x080243bc   0x080243bc   0x00000010   Code   RO         6766    i.Read_Boot_Flag    sysflag.o
    0x080243cc   0x080243cc   0x00000010   Code   RO         6767    i.Read_Flash_Bytes  sysflag.o
    0x080243dc   0x080243dc   0x00000040   Code   RO         5244    i.RecHandle         stm32f4xx_it.o
    0x0802441c   0x0802441c   0x00000064   Code   RO         6289    i.SPI_AD7689_Read   ad7689.o
    0x08024480   0x08024480   0x00000014   Code   RO         3858    i.SPI_Cmd           stm32f4xx_spi.o
    0x08024494   0x08024494   0x0000000e   Code   RO         3866    i.SPI_I2S_GetFlagStatus  stm32f4xx_spi.o
    0x080244a2   0x080244a2   0x00000004   Code   RO         3869    i.SPI_I2S_ReceiveData  stm32f4xx_spi.o
    0x080244a6   0x080244a6   0x00000004   Code   RO         3870    i.SPI_I2S_SendData  stm32f4xx_spi.o
    0x080244aa   0x080244aa   0x00000038   Code   RO         3871    i.SPI_Init          stm32f4xx_spi.o
    0x080244e2   0x080244e2   0x00000002   Code   RO         5245    i.SVC_Handler       stm32f4xx_it.o
    0x080244e4   0x080244e4   0x00000134   Code   RO         6359    i.SendToPC          tim4.o
    0x08024618   0x08024618   0x00000dc0   Code   RO         5995    i.SerialRemoteHandleL  usart.o
    0x080253d8   0x080253d8   0x000000a4   Code   RO         5996    i.SetErr_ACK        usart.o
    0x0802547c   0x0802547c   0x0000001c   Code   RO         5997    i.SetListPC         usart.o
    0x08025498   0x08025498   0x00000048   Code   RO         5998    i.SetListPS         usart.o
    0x080254e0   0x080254e0   0x0000001c   Code   RO         5999    i.SetListPV         usart.o
    0x080254fc   0x080254fc   0x00000050   Code   RO         6000    i.SetPowerC         usart.o
    0x0802554c   0x0802554c   0x0000001c   Code   RO         6001    i.SetPowerModeC     usart.o
    0x08025568   0x08025568   0x0000004c   Code   RO         6002    i.SetPowerModeS     usart.o
    0x080255b4   0x080255b4   0x0000001c   Code   RO         6003    i.SetPowerModeV     usart.o
    0x080255d0   0x080255d0   0x0000004c   Code   RO         6004    i.SetPowerV         usart.o
    0x0802561c   0x0802561c   0x000000b4   Code   RO           12    i.SetSysClock       system_stm32f4xx.o
    0x080256d0   0x080256d0   0x00000014   Code   RO         6290    i.Swap              ad7689.o
    0x080256e4   0x080256e4   0x00000068   Code   RO         5246    i.SysTick_Handler   stm32f4xx_it.o
    0x0802574c   0x0802574c   0x00000040   Code   RO         5568    i.SysTick_Init      bsp_systick.o
    0x0802578c   0x0802578c   0x0000005c   Code   RO           14    i.SystemInit        system_stm32f4xx.o
    0x080257e8   0x080257e8   0x00000054   Code   RO         5916    i.TIM1_Config       tim1.o
    0x0802583c   0x0802583c   0x000000a8   Code   RO         5917    i.TIM1_PWM_Config   tim1.o
    0x080258e4   0x080258e4   0x00000974   Code   RO         6360    i.TIM3_IRQHandler   tim4.o
    0x08026258   0x08026258   0x0000005c   Code   RO         6361    i.TIM3_Int_Init     tim4.o
    0x080262b4   0x080262b4   0x00000054   Code   RO         6362    i.TIM4_Config       tim4.o
    0x08026308   0x08026308   0x000000a4   Code   RO         6363    i.TIM4_PWM_Config   tim4.o
    0x080263ac   0x080263ac   0x00000034   Code   RO         5946    i.TIM5_IRQHandler   tim6.o
    0x080263e0   0x080263e0   0x0000005c   Code   RO         5947    i.TIM5_Int_Init     tim6.o
    0x0802643c   0x0802643c   0x00000068   Code   RO         5948    i.TIM6_Config       tim6.o
    0x080264a4   0x080264a4   0x0000000c   Code   RO         5247    i.TIM6_DAC_IRQHandler  stm32f4xx_it.o
    0x080264b0   0x080264b0   0x00000014   Code   RO         4086    i.TIM_ARRPreloadConfig  stm32f4xx_tim.o
    0x080264c4   0x080264c4   0x00000006   Code   RO         4093    i.TIM_ClearITPendingBit  stm32f4xx_tim.o
    0x080264ca   0x080264ca   0x00000014   Code   RO         4098    i.TIM_Cmd           stm32f4xx_tim.o
    0x080264de   0x080264de   0x00000016   Code   RO         4100    i.TIM_CtrlPWMOutputs  stm32f4xx_tim.o
    0x080264f4   0x080264f4   0x00000150   Code   RO         4103    i.TIM_DeInit        stm32f4xx_tim.o
    0x08026644   0x08026644   0x00000018   Code   RO         4119    i.TIM_GetITStatus   stm32f4xx_tim.o
    0x0802665c   0x0802665c   0x00000010   Code   RO         4123    i.TIM_ITConfig      stm32f4xx_tim.o
    0x0802666c   0x0802666c   0x00000060   Code   RO         4127    i.TIM_OC1Init       stm32f4xx_tim.o
    0x080266cc   0x080266cc   0x0000000c   Code   RO         4130    i.TIM_OC1PreloadConfig  stm32f4xx_tim.o
    0x080266d8   0x080266d8   0x0000007c   Code   RO         4137    i.TIM_OC3Init       stm32f4xx_tim.o
    0x08026754   0x08026754   0x0000000c   Code   RO         4140    i.TIM_OC3PreloadConfig  stm32f4xx_tim.o
    0x08026760   0x08026760   0x00000060   Code   RO         4142    i.TIM_OC4Init       stm32f4xx_tim.o
    0x080267c0   0x080267c0   0x00000014   Code   RO         4144    i.TIM_OC4PreloadConfig  stm32f4xx_tim.o
    0x080267d4   0x080267d4   0x00000004   Code   RO         4158    i.TIM_SetAutoreload  stm32f4xx_tim.o
    0x080267d8   0x080267d8   0x00000004   Code   RO         4160    i.TIM_SetCompare1   stm32f4xx_tim.o
    0x080267dc   0x080267dc   0x0000007c   Code   RO         4170    i.TIM_TimeBaseInit  stm32f4xx_tim.o
    0x08026858   0x08026858   0x00000030   Code   RO         6189    i.TM1650_GPIO_INT   tm1650.o
    0x08026888   0x08026888   0x00000048   Code   RO         6364    i.Temp_Comapre      tim4.o
    0x080268d0   0x080268d0   0x00000014   Code   RO         5569    i.TimingDelay_Decrement  bsp_systick.o
    0x080268e4   0x080268e4   0x000004d0   Code   RO         5768    i.Transformation_ADC  modbus.o
    0x08026db4   0x08026db4   0x00000e16   Code   RO         5769    i.UART_Action       modbus.o
    0x08027bca   0x08027bca   0x00000002   PAD
    0x08027bcc   0x08027bcc   0x0000005c   Code   RO         5248    i.USART1_IRQHandler  stm32f4xx_it.o
    0x08027c28   0x08027c28   0x000000c0   Code   RO         6007    i.USART2_Configuration  usart.o
    0x08027ce8   0x08027ce8   0x00000080   Code   RO         6008    i.USART2_IRQHandler  usart.o
    0x08027d68   0x08027d68   0x000000b0   Code   RO         6009    i.USART3HANDLE      usart.o
    0x08027e18   0x08027e18   0x00000034   Code   RO         6010    i.USART3WriteDMA    usart.o
    0x08027e4c   0x08027e4c   0x000000c0   Code   RO         6011    i.USART3_Configuration  usart.o
    0x08027f0c   0x08027f0c   0x000000f4   Code   RO         6012    i.USART3_DMA_init   usart.o
    0x08028000   0x08028000   0x00000070   Code   RO         6013    i.USART3_IRQHandler  usart.o
    0x08028070   0x08028070   0x00000006   Code   RO         4631    i.USART_ClearFlag   stm32f4xx_usart.o
    0x08028076   0x08028076   0x0000000c   Code   RO         4632    i.USART_ClearITPendingBit  stm32f4xx_usart.o
    0x08028082   0x08028082   0x00000014   Code   RO         4635    i.USART_Cmd         stm32f4xx_usart.o
    0x08028096   0x08028096   0x00000002   PAD
    0x08028098   0x08028098   0x000000c0   Code   RO         6014    i.USART_Configuration  usart.o
    0x08028158   0x08028158   0x00000010   Code   RO         4636    i.USART_DMACmd      stm32f4xx_usart.o
    0x08028168   0x08028168   0x000000ac   Code   RO         4637    i.USART_DeInit      stm32f4xx_usart.o
    0x08028214   0x08028214   0x0000000e   Code   RO         4638    i.USART_GetFlagStatus  stm32f4xx_usart.o
    0x08028222   0x08028222   0x0000003e   Code   RO         4639    i.USART_GetITStatus  stm32f4xx_usart.o
    0x08028260   0x08028260   0x00000030   Code   RO         4641    i.USART_ITConfig    stm32f4xx_usart.o
    0x08028290   0x08028290   0x000000ac   Code   RO         4642    i.USART_Init        stm32f4xx_usart.o
    0x0802833c   0x0802833c   0x00000008   Code   RO         4649    i.USART_ReceiveData  stm32f4xx_usart.o
    0x08028344   0x08028344   0x00000008   Code   RO         4652    i.USART_SendData    stm32f4xx_usart.o
    0x0802834c   0x0802834c   0x00000002   Code   RO         5249    i.UsageFault_Handler  stm32f4xx_it.o
    0x0802834e   0x0802834e   0x00000016   Code   RO         5250    i.Usart_SendByte    stm32f4xx_it.o
    0x08028364   0x08028364   0x000000ae   Code   RO         5472    i.WriteBytes        at24c01.o
    0x08028412   0x08028412   0x00000002   PAD
    0x08028414   0x08028414   0x00000010   Code   RO         6768    i.Write_Boot_Flag   sysflag.o
    0x08028424   0x08028424   0x00000010   Code   RO         6769    i.Write_Flash_Bytes  sysflag.o
    0x08028434   0x08028434   0x00000030   Code   RO        11273    i.__ARM_fpclassify  m_wm.l(fpclassify.o)
    0x08028464   0x08028464   0x0000000e   Code   RO        11147    i._is_digit         c_w.l(__printf_wp.o)
    0x08028472   0x08028472   0x00000002   PAD
    0x08028474   0x08028474   0x00000038   Code   RO         5675    i.i2c_Ack           iic_24c01.o
    0x080284ac   0x080284ac   0x00000030   Code   RO         5676    i.i2c_CfgGpio       iic_24c01.o
    0x080284dc   0x080284dc   0x0000001a   Code   RO         5678    i.i2c_Delay         iic_24c01.o
    0x080284f6   0x080284f6   0x00000002   PAD
    0x080284f8   0x080284f8   0x00000030   Code   RO         5679    i.i2c_NAck          iic_24c01.o
    0x08028528   0x08028528   0x00000060   Code   RO         5680    i.i2c_ReadByte      iic_24c01.o
    0x08028588   0x08028588   0x00000078   Code   RO         5681    i.i2c_SendByte      iic_24c01.o
    0x08028600   0x08028600   0x00000038   Code   RO         5682    i.i2c_Start         iic_24c01.o
    0x08028638   0x08028638   0x00000028   Code   RO         5683    i.i2c_Stop          iic_24c01.o
    0x08028660   0x08028660   0x00000044   Code   RO         5684    i.i2c_WaitAck       iic_24c01.o
    0x080286a4   0x080286a4   0x00000198   Code   RO         4895    i.main              main.o
    0x0802883c   0x0802883c   0x0000002c   Code   RO        11269    locale$$code        c_w.l(lc_numeric_c.o)
    0x08028868   0x08028868   0x0000005e   Code   RO        11182    x$fpl$dfix          fz_wm.l(dfix.o)
    0x080288c6   0x080288c6   0x0000002e   Code   RO        11187    x$fpl$dflt          fz_wm.l(dflt_clz.o)
    0x080288f4   0x080288f4   0x00000154   Code   RO        11192    x$fpl$dmul          fz_wm.l(dmul.o)
    0x08028a48   0x08028a48   0x0000009c   Code   RO        11210    x$fpl$dnaninf       fz_wm.l(dnaninf.o)
    0x08028ae4   0x08028ae4   0x0000000c   Code   RO        11212    x$fpl$dretinf       fz_wm.l(dretinf.o)
    0x08028af0   0x08028af0   0x00000056   Code   RO        11194    x$fpl$f2d           fz_wm.l(f2d.o)
    0x08028b46   0x08028b46   0x0000008c   Code   RO        11214    x$fpl$fnaninf       fz_wm.l(fnaninf.o)
    0x08028bd2   0x08028bd2   0x0000000a   Code   RO        11339    x$fpl$fpinit        fz_wm.l(fpinit.o)
    0x08028bdc   0x08028bdc   0x00000004   Code   RO        11196    x$fpl$printf1       fz_wm.l(printf1.o)
    0x08028be0   0x08028be0   0x00000000   Code   RO        11216    x$fpl$usenofp       fz_wm.l(usenofp.o)
    0x08028be0   0x08028be0   0x00000200   Data   RO         5253    .constdata          stm32f4xx_it.o
    0x08028de0   0x08028de0   0x00000011   Data   RO        11150    .constdata          c_w.l(__printf_flags_wp.o)
    0x08028df1   0x08028df1   0x00000003   PAD
    0x08028df4   0x08028df4   0x00000094   Data   RO        11244    .constdata          c_w.l(bigflt0.o)
    0x08028e88   0x08028e88   0x00000020   Data   RO        11414    Region$$Table       anon$$obj.o
    0x08028ea8   0x08028ea8   0x0000001c   Data   RO        11268    locale$$data        c_w.l(lc_numeric_c.o)


    Execution Region RW_IRAM1 (Exec base: 0x20000000, Load base: 0x08028ec4, Size: 0x000017a8, Max: 0x00020000, ABSOLUTE, COMPRESSED[0x0000009c])

    Exec Addr    Load Addr    Size         Type   Attr      Idx    E Section Name        Object

    0x20000000   COMPRESSED   0x00000014   Data   RW           15    .data               system_stm32f4xx.o
    0x20000014   COMPRESSED   0x00000010   Data   RW         2794    .data               stm32f4xx_rcc.o
    0x20000024   COMPRESSED   0x00000001   Data   RW         4899    .data               main.o
    0x20000025   COMPRESSED   0x00000003   PAD
    0x20000028   COMPRESSED   0x00000004   Data   RW         4900    .data               main.o
    0x2000002c   COMPRESSED   0x00000004   Data   RW         4901    .data               main.o
    0x20000030   COMPRESSED   0x00000018   Data   RW         4902    .data               main.o
    0x20000048   COMPRESSED   0x00000004   Data   RW         4904    .data               main.o
    0x2000004c   COMPRESSED   0x00000004   Data   RW         4906    .data               main.o
    0x20000050   COMPRESSED   0x00000001   Data   RW         4907    .data               main.o
    0x20000051   COMPRESSED   0x00000003   PAD
    0x20000054   COMPRESSED   0x00000004   Data   RW         4908    .data               main.o
    0x20000058   COMPRESSED   0x00000004   Data   RW         4909    .data               main.o
    0x2000005c   COMPRESSED   0x00000004   Data   RW         4910    .data               main.o
    0x20000060   COMPRESSED   0x00000004   Data   RW         4911    .data               main.o
    0x20000064   COMPRESSED   0x00000004   Data   RW         4913    .data               main.o
    0x20000068   COMPRESSED   0x00000004   Data   RW         4914    .data               main.o
    0x2000006c   COMPRESSED   0x00000010   Data   RW         5254    .data               stm32f4xx_it.o
    0x2000007c   COMPRESSED   0x00000002   Data   RW         5419    .data               adc.o
    0x2000007e   COMPRESSED   0x00000002   Data   RW         5420    .data               adc.o
    0x20000080   COMPRESSED   0x00000002   Data   RW         5421    .data               adc.o
    0x20000082   COMPRESSED   0x00000002   Data   RW         5422    .data               adc.o
    0x20000084   COMPRESSED   0x00000002   Data   RW         5423    .data               adc.o
    0x20000086   COMPRESSED   0x00000002   Data   RW         5424    .data               adc.o
    0x20000088   COMPRESSED   0x00000002   Data   RW         5425    .data               adc.o
    0x2000008a   COMPRESSED   0x00000002   Data   RW         5426    .data               adc.o
    0x2000008c   COMPRESSED   0x00000002   Data   RW         5427    .data               adc.o
    0x2000008e   COMPRESSED   0x00000002   Data   RW         5428    .data               adc.o
    0x20000090   COMPRESSED   0x00000002   Data   RW         5429    .data               adc.o
    0x20000092   COMPRESSED   0x00000002   Data   RW         5527    .data               beep.o
    0x20000094   COMPRESSED   0x00000004   Data   RW         5570    .data               bsp_systick.o
    0x20000098   COMPRESSED   0x0000001c   Data   RW         5775    .data               modbus.o
    0x200000b4   COMPRESSED   0x00000002   Data   RW         5918    .data               tim1.o
    0x200000b6   COMPRESSED   0x00000002   PAD
    0x200000b8   COMPRESSED   0x0000000c   Data   RW         5949    .data               tim6.o
    0x200000c4   COMPRESSED   0x00000103   Data   RW         6017    .data               usart.o
    0x200001c7   COMPRESSED   0x00000001   Data   RW         6018    .data               usart.o
    0x200001c8   COMPRESSED   0x00000001   Data   RW         6019    .data               usart.o
    0x200001c9   COMPRESSED   0x00000001   Data   RW         6261    .data               clock.o
    0x200001ca   COMPRESSED   0x00000002   Data   RW         6293    .data               ad7689.o
    0x200001cc   COMPRESSED   0x00000001   Data   RW         6366    .data               tim4.o
    0x200001cd   COMPRESSED   0x00000003   PAD
    0x200001d0   COMPRESSED   0x00000058   Data   RW         6367    .data               tim4.o
    0x20000228   COMPRESSED   0x00000001   Data   RW         6370    .data               tim4.o
    0x20000229   COMPRESSED   0x00000003   PAD
    0x2000022c   COMPRESSED   0x00000004   Data   RW         6492    .data               gui_x.o
    0x20000230        -       0x00000090   Zero   RW         4896    .bss                main.o
    0x200002c0        -       0x000000b8   Zero   RW         4897    .bss                main.o
    0x20000378        -       0x000000b0   Zero   RW         4898    .bss                main.o
    0x20000428        -       0x000000a3   Zero   RW         5252    .bss                stm32f4xx_it.o
    0x200004cb   COMPRESSED   0x00000001   PAD
    0x200004cc        -       0x000000c8   Zero   RW         5418    .bss                adc.o
    0x20000594        -       0x00000044   Zero   RW         5772    .bss                modbus.o
    0x200005d8        -       0x00000010   Zero   RW         6015    .bss                usart.o
    0x200005e8        -       0x000001dc   Zero   RW         6016    .bss                usart.o
    0x200007c4        -       0x000001a0   Zero   RW         6291    .bss                ad7689.o
    0x20000964        -       0x000007df   Zero   RW         6365    .bss                tim4.o
    0x20001143   COMPRESSED   0x00000001   PAD
    0x20001144        -       0x00000060   Zero   RW        11276    .bss                c_w.l(libspace.o)
    0x200011a4   COMPRESSED   0x00000004   PAD
    0x200011a8        -       0x00000200   Zero   RW            2    HEAP                startup_stm32f40_41xxx.o
    0x200013a8        -       0x00000400   Zero   RW            1    STACK               startup_stm32f40_41xxx.o


==============================================================================

Image component sizes


      Code (inc. data)   RO Data    RW Data    ZI Data      Debug   Object Name

       224         10          0          0          0       1149   ad5541.o
       804         56          0          2        416       5446   ad7689.o
       336         28          0         22        200       2784   adc.o
       302          0          0          0          0       1873   at24c01.o
         0          0          0          2          0        502   beep.o
        84         14          0          4          0      27634   bsp_systick.o
       116          6          0          1          0        711   clock.o
       284         24          0          0          0        812   cont.o
       332         32          0          0          0       1615   gpio.o
         0          0          0          4          0        212   gui_x.o
       558         38          0          0          0       5268   iic_24c01.o
      1496        130          0         66        504     291813   main.o
       140         22          0          0          0       2013   misc.o
      4962        160          0         28         68       7351   modbus.o
        98          0          0          0          0       1627   ssd1963.o
        64         26        392          0       1536        876   startup_stm32f40_41xxx.o
       330         20          0          0          0       5936   stm32f4xx_adc.o
       622         64          0          0          0       7081   stm32f4xx_dma.o
        36          8          0          0          0        482   stm32f4xx_exti.o
       216          0          0          0          0       3471   stm32f4xx_gpio.o
      1842        348        512         16        163      28733   stm32f4xx_it.o
       620        120          0         16          0      12509   stm32f4xx_rcc.o
       464         26          0          0          0       4668   stm32f4xx_rtc.o
        98          0          0          0          0       3446   stm32f4xx_spi.o
       936        104          0          0          0      11627   stm32f4xx_tim.o
       538         42          0          0          0       7919   stm32f4xx_usart.o
        64         24          0          0          0       1786   sysflag.o
       272         38          0         20          0     332653   system_stm32f4xx.o
       252         16          0          2          0       1381   tim1.o
      3140        294          0         90       2015       7369   tim4.o
       340         34          0         12          0       2973   tim6.o
        48          6          0          0          0        502   tm1650.o
      9092        606          0        261        492      24324   usart.o
         2          0          0          0          0        444   usbh_usr.o

    ----------------------------------------------------------------------
     28744       2296        936        560       5396     808990   Object Totals
         0          0         32          0          0          0   (incl. Generated)
        32          0          0         14          2          0   (incl. Padding)

    ----------------------------------------------------------------------

      Code (inc. data)   RO Data    RW Data    ZI Data      Debug   Library Member Name

        90          0          0          0          0          0   __dczerorl2.o
         8          0          0          0          0         68   __main.o
       312          4         17          0          0         92   __printf_flags_wp.o
        14          0          0          0          0         68   __printf_wp.o
         0          0          0          0          0          0   __rtentry.o
        12          0          0          0          0          0   __rtentry2.o
         6          0          0          0          0          0   __rtentry4.o
        52          8          0          0          0          0   __scatter.o
        28          0          0          0          0          0   __scatter_zi.o
        48          6          0          0          0         96   _printf_char_common.o
         6          0          0          0          0          0   _printf_d.o
       120         16          0          0          0         92   _printf_dec.o
         6          0          0          0          0          0   _printf_f.o
      1054          0          0          0          0        216   _printf_fp_dec.o
       128         16          0          0          0         84   _printf_fp_infnan.o
       178          0          0          0          0         88   _printf_intcommon.o
        78          0          0          0          0        108   _printf_pad.o
         0          0          0          0          0          0   _printf_percent.o
         4          0          0          0          0          0   _printf_percent_end.o
        10          0          0          0          0         68   _sputc.o
       228          4        148          0          0         96   bigflt0.o
      1936        128          0          0          0        672   btod.o
        18          0          0          0          0         80   exit.o
         6          0          0          0          0        152   heapauxi.o
         0          0          0          0          0          0   indicate_semi.o
        44         10         28          0          0         76   lc_numeric_c.o
         2          0          0          0          0          0   libinit.o
        22          0          0          0          0          0   libinit2.o
         2          0          0          0          0          0   libshutdown.o
         2          0          0          0          0          0   libshutdown2.o
         8          4          0          0         96         68   libspace.o
       138          0          0          0          0         80   lludiv10.o
        40          6          0          0          0         84   noretval__2sprintf.o
         8          4          0          0          0         68   rt_locale_intlibspace.o
        68          0          0          0          0         68   rt_memclr.o
        78          0          0          0          0         80   rt_memclr_w.o
       138          0          0          0          0         68   rt_memcpy_v6.o
       100          0          0          0          0         80   rt_memcpy_w.o
       132          0          0          0          0         68   rt_memmove_v6.o
       122          0          0          0          0         80   rt_memmove_w.o
         2          0          0          0          0          0   rtexit.o
        10          0          0          0          0          0   rtexit2.o
       128          0          0          0          0         68   strcmpv7m.o
        62          0          0          0          0         76   strlen.o
        36          0          0          0          0         76   strncat.o
       150          0          0          0          0         80   strncmp.o
        12          4          0          0          0         68   sys_exit.o
        74          0          0          0          0         80   sys_stackheap_outer.o
         2          0          0          0          0         68   use_no_semi.o
        94          4          0          0          0        140   dfix.o
        46          0          0          0          0        116   dflt_clz.o
       340         12          0          0          0        152   dmul.o
       156          4          0          0          0        140   dnaninf.o
        12          0          0          0          0        116   dretinf.o
        86          4          0          0          0        132   f2d.o
       140          4          0          0          0        132   fnaninf.o
        10          0          0          0          0        116   fpinit.o
         4          0          0          0          0        116   printf1.o
         0          0          0          0          0          0   usenofp.o
        48          0          0          0          0        124   fpclassify.o

    ----------------------------------------------------------------------
      6672        238        196          0        100       4600   Library Totals
        14          0          3          0          4          0   (incl. Padding)

    ----------------------------------------------------------------------

      Code (inc. data)   RO Data    RW Data    ZI Data      Debug   Library Name

      5722        210        193          0         96       3316   c_w.l
       888         28          0          0          0       1160   fz_wm.l
        48          0          0          0          0        124   m_wm.l

    ----------------------------------------------------------------------
      6672        238        196          0        100       4600   Library Totals

    ----------------------------------------------------------------------

==============================================================================


      Code (inc. data)   RO Data    RW Data    ZI Data      Debug   

     35416       2534       1132        560       5496     791418   Grand Totals
     35416       2534       1132        156       5496     791418   ELF Image Totals (compressed)
     35416       2534       1132        156          0          0   ROM Totals

==============================================================================

    Total RO  Size (Code + RO Data)                36548 (  35.69kB)
    Total RW  Size (RW Data + ZI Data)              6056 (   5.91kB)
    Total ROM Size (Code + RO Data + RW Data)      36704 (  35.84kB)

==============================================================================

